Archive member included to satisfy reference by file (symbol)

d:/software/stm32cubeide/stm32cubeide_1.5.0/stm32cubeide/plugins/com.st.stm32cube.ide.mcu.externaltools.gnu-tools-for-stm32.9-2020-q2-update.win32_1.5.0.202011040924/tools/bin/../lib/gcc/arm-none-eabi/9.3.1/../../../../arm-none-eabi/lib/thumb/v7-m/nofp\libc_nano.a(lib_a-errno.o)
                              Application/User/syscalls.o (__errno)
d:/software/stm32cubeide/stm32cubeide_1.5.0/stm32cubeide/plugins/com.st.stm32cube.ide.mcu.externaltools.gnu-tools-for-stm32.9-2020-q2-update.win32_1.5.0.202011040924/tools/bin/../lib/gcc/arm-none-eabi/9.3.1/../../../../arm-none-eabi/lib/thumb/v7-m/nofp\libc_nano.a(lib_a-exit.o)
                              d:/software/stm32cubeide/stm32cubeide_1.5.0/stm32cubeide/plugins/com.st.stm32cube.ide.mcu.externaltools.gnu-tools-for-stm32.9-2020-q2-update.win32_1.5.0.202011040924/tools/bin/../lib/gcc/arm-none-eabi/9.3.1/../../../../arm-none-eabi/lib/thumb/v7-m/nofp/crt0.o (exit)
d:/software/stm32cubeide/stm32cubeide_1.5.0/stm32cubeide/plugins/com.st.stm32cube.ide.mcu.externaltools.gnu-tools-for-stm32.9-2020-q2-update.win32_1.5.0.202011040924/tools/bin/../lib/gcc/arm-none-eabi/9.3.1/../../../../arm-none-eabi/lib/thumb/v7-m/nofp\libc_nano.a(lib_a-impure.o)
                              d:/software/stm32cubeide/stm32cubeide_1.5.0/stm32cubeide/plugins/com.st.stm32cube.ide.mcu.externaltools.gnu-tools-for-stm32.9-2020-q2-update.win32_1.5.0.202011040924/tools/bin/../lib/gcc/arm-none-eabi/9.3.1/../../../../arm-none-eabi/lib/thumb/v7-m/nofp\libc_nano.a(lib_a-exit.o) (_global_impure_ptr)
d:/software/stm32cubeide/stm32cubeide_1.5.0/stm32cubeide/plugins/com.st.stm32cube.ide.mcu.externaltools.gnu-tools-for-stm32.9-2020-q2-update.win32_1.5.0.202011040924/tools/bin/../lib/gcc/arm-none-eabi/9.3.1/../../../../arm-none-eabi/lib/thumb/v7-m/nofp\libc_nano.a(lib_a-init.o)
                              d:/software/stm32cubeide/stm32cubeide_1.5.0/stm32cubeide/plugins/com.st.stm32cube.ide.mcu.externaltools.gnu-tools-for-stm32.9-2020-q2-update.win32_1.5.0.202011040924/tools/bin/../lib/gcc/arm-none-eabi/9.3.1/../../../../arm-none-eabi/lib/thumb/v7-m/nofp/crt0.o (__libc_init_array)
d:/software/stm32cubeide/stm32cubeide_1.5.0/stm32cubeide/plugins/com.st.stm32cube.ide.mcu.externaltools.gnu-tools-for-stm32.9-2020-q2-update.win32_1.5.0.202011040924/tools/bin/../lib/gcc/arm-none-eabi/9.3.1/../../../../arm-none-eabi/lib/thumb/v7-m/nofp\libc_nano.a(lib_a-memset.o)
                              d:/software/stm32cubeide/stm32cubeide_1.5.0/stm32cubeide/plugins/com.st.stm32cube.ide.mcu.externaltools.gnu-tools-for-stm32.9-2020-q2-update.win32_1.5.0.202011040924/tools/bin/../lib/gcc/arm-none-eabi/9.3.1/../../../../arm-none-eabi/lib/thumb/v7-m/nofp/crt0.o (memset)
d:/software/stm32cubeide/stm32cubeide_1.5.0/stm32cubeide/plugins/com.st.stm32cube.ide.mcu.externaltools.gnu-tools-for-stm32.9-2020-q2-update.win32_1.5.0.202011040924/tools/bin/../lib/gcc/arm-none-eabi/9.3.1/thumb/v7-m/nofp\libgcc.a(_arm_muldf3.o)
                              mycode/motor.o (__aeabi_dmul)
d:/software/stm32cubeide/stm32cubeide_1.5.0/stm32cubeide/plugins/com.st.stm32cube.ide.mcu.externaltools.gnu-tools-for-stm32.9-2020-q2-update.win32_1.5.0.202011040924/tools/bin/../lib/gcc/arm-none-eabi/9.3.1/thumb/v7-m/nofp\libgcc.a(_arm_mulsf3.o)
                              mycode/UltrasonicWave.o (__aeabi_fmul)
d:/software/stm32cubeide/stm32cubeide_1.5.0/stm32cubeide/plugins/com.st.stm32cube.ide.mcu.externaltools.gnu-tools-for-stm32.9-2020-q2-update.win32_1.5.0.202011040924/tools/bin/../lib/gcc/arm-none-eabi/9.3.1/thumb/v7-m/nofp\libgcc.a(_arm_addsubdf3.o)
                              mycode/motor.o (__aeabi_dsub)
d:/software/stm32cubeide/stm32cubeide_1.5.0/stm32cubeide/plugins/com.st.stm32cube.ide.mcu.externaltools.gnu-tools-for-stm32.9-2020-q2-update.win32_1.5.0.202011040924/tools/bin/../lib/gcc/arm-none-eabi/9.3.1/thumb/v7-m/nofp\libgcc.a(_arm_muldivdf3.o)
                              mycode/UltrasonicWave.o (__aeabi_ddiv)
d:/software/stm32cubeide/stm32cubeide_1.5.0/stm32cubeide/plugins/com.st.stm32cube.ide.mcu.externaltools.gnu-tools-for-stm32.9-2020-q2-update.win32_1.5.0.202011040924/tools/bin/../lib/gcc/arm-none-eabi/9.3.1/thumb/v7-m/nofp\libgcc.a(_arm_fixdfsi.o)
                              mycode/motor.o (__aeabi_d2iz)
d:/software/stm32cubeide/stm32cubeide_1.5.0/stm32cubeide/plugins/com.st.stm32cube.ide.mcu.externaltools.gnu-tools-for-stm32.9-2020-q2-update.win32_1.5.0.202011040924/tools/bin/../lib/gcc/arm-none-eabi/9.3.1/thumb/v7-m/nofp\libgcc.a(_arm_truncdfsf2.o)
                              mycode/UltrasonicWave.o (__aeabi_d2f)
d:/software/stm32cubeide/stm32cubeide_1.5.0/stm32cubeide/plugins/com.st.stm32cube.ide.mcu.externaltools.gnu-tools-for-stm32.9-2020-q2-update.win32_1.5.0.202011040924/tools/bin/../lib/gcc/arm-none-eabi/9.3.1/thumb/v7-m/nofp\libgcc.a(_arm_fixsfsi.o)
                              mycode/UltrasonicWave.o (__aeabi_f2iz)

Allocating common symbols
[...]
Memory Configuration

Name             Origin             Length             Attributes
RAM              0x0000000020000000 0x000000000000c000 xrw
FLASH            0x0000000008000000 0x0000000000040000 xr
*default*        0x0000000000000000 0xffffffffffffffff

Linker script and memory map

LOAD d:/software/stm32cubeide/stm32cubeide_1.5.0/stm32cubeide/plugins/com.st.stm32cube.ide.mcu.externaltools.gnu-tools-for-stm32.9-2020-q2-update.win32_1.5.0.202011040924/tools/bin/../lib/gcc/arm-none-eabi/9.3.1/thumb/v7-m/nofp/crti.o
LOAD d:/software/stm32cubeide/stm32cubeide_1.5.0/stm32cubeide/plugins/com.st.stm32cube.ide.mcu.externaltools.gnu-tools-for-stm32.9-2020-q2-update.win32_1.5.0.202011040924/tools/bin/../lib/gcc/arm-none-eabi/9.3.1/thumb/v7-m/nofp/crtbegin.o
LOAD d:/software/stm32cubeide/stm32cubeide_1.5.0/stm32cubeide/plugins/com.st.stm32cube.ide.mcu.externaltools.gnu-tools-for-stm32.9-2020-q2-update.win32_1.5.0.202011040924/tools/bin/../lib/gcc/arm-none-eabi/9.3.1/../../../../arm-none-eabi/lib/thumb/v7-m/nofp/crt0.o
LOAD Application/Startup/startup_stm32f103rctx.o
LOAD Application/User/gpio.o
LOAD Application/User/main.o
LOAD Application/User/stm32f1xx_hal_msp.o
LOAD Application/User/stm32f1xx_it.o
LOAD Application/User/syscalls.o
LOAD Application/User/sysmem.o
LOAD Application/User/tim.o
LOAD Drivers/CMSIS/system_stm32f1xx.o
LOAD Drivers/STM32F1xx_HAL_Driver/stm32f1xx_hal.o
LOAD Drivers/STM32F1xx_HAL_Driver/stm32f1xx_hal_cortex.o
LOAD Drivers/STM32F1xx_HAL_Driver/stm32f1xx_hal_dma.o
LOAD Drivers/STM32F1xx_HAL_Driver/stm32f1xx_hal_exti.o
LOAD Drivers/STM32F1xx_HAL_Driver/stm32f1xx_hal_flash.o
LOAD Drivers/STM32F1xx_HAL_Driver/stm32f1xx_hal_flash_ex.o
LOAD Drivers/STM32F1xx_HAL_Driver/stm32f1xx_hal_gpio.o
LOAD Drivers/STM32F1xx_HAL_Driver/stm32f1xx_hal_gpio_ex.o
LOAD Drivers/STM32F1xx_HAL_Driver/stm32f1xx_hal_pwr.o
LOAD Drivers/STM32F1xx_HAL_Driver/stm32f1xx_hal_rcc.o
LOAD Drivers/STM32F1xx_HAL_Driver/stm32f1xx_hal_rcc_ex.o
LOAD Drivers/STM32F1xx_HAL_Driver/stm32f1xx_hal_tim.o
LOAD Drivers/STM32F1xx_HAL_Driver/stm32f1xx_hal_tim_ex.o
LOAD mycode/IRAvoid.o
LOAD mycode/IRSEARCH.o
LOAD mycode/UltrasonicWave.o
LOAD mycode/keyscan.o
LOAD mycode/motor.o
START GROUP
LOAD d:/software/stm32cubeide/stm32cubeide_1.5.0/stm32cubeide/plugins/com.st.stm32cube.ide.mcu.externaltools.gnu-tools-for-stm32.9-2020-q2-update.win32_1.5.0.202011040924/tools/bin/../lib/gcc/arm-none-eabi/9.3.1/../../../../arm-none-eabi/lib/thumb/v7-m/nofp\libc_nano.a
LOAD d:/software/stm32cubeide/stm32cubeide_1.5.0/stm32cubeide/plugins/com.st.stm32cube.ide.mcu.externaltools.gnu-tools-for-stm32.9-2020-q2-update.win32_1.5.0.202011040924/tools/bin/../lib/gcc/arm-none-eabi/9.3.1/../../../../arm-none-eabi/lib/thumb/v7-m/nofp\libm.a
END GROUP
START GROUP
LOAD d:/software/stm32cubeide/stm32cubeide_1.5.0/stm32cubeide/plugins/com.st.stm32cube.ide.mcu.externaltools.gnu-tools-for-stm32.9-2020-q2-update.win32_1.5.0.202011040924/tools/bin/../lib/gcc/arm-none-eabi/9.3.1/thumb/v7-m/nofp\libgcc.a
LOAD d:/software/stm32cubeide/stm32cubeide_1.5.0/stm32cubeide/plugins/com.st.stm32cube.ide.mcu.externaltools.gnu-tools-for-stm32.9-2020-q2-update.win32_1.5.0.202011040924/tools/bin/../lib/gcc/arm-none-eabi/9.3.1/../../../../arm-none-eabi/lib/thumb/v7-m/nofp\libc_nano.a
END GROUP
START GROUP
LOAD d:/software/stm32cubeide/stm32cubeide_1.5.0/stm32cubeide/plugins/com.st.stm32cube.ide.mcu.externaltools.gnu-tools-for-stm32.9-2020-q2-update.win32_1.5.0.202011040924/tools/bin/../lib/gcc/arm-none-eabi/9.3.1/thumb/v7-m/nofp\libgcc.a
LOAD d:/software/stm32cubeide/stm32cubeide_1.5.0/stm32cubeide/plugins/com.st.stm32cube.ide.mcu.externaltools.gnu-tools-for-stm32.9-2020-q2-update.win32_1.5.0.202011040924/tools/bin/../lib/gcc/arm-none-eabi/9.3.1/../../../../arm-none-eabi/lib/thumb/v7-m/nofp\libc_nano.a
LOAD d:/software/stm32cubeide/stm32cubeide_1.5.0/stm32cubeide/plugins/com.st.stm32cube.ide.mcu.externaltools.gnu-tools-for-stm32.9-2020-q2-update.win32_1.5.0.202011040924/tools/bin/../lib/gcc/arm-none-eabi/9.3.1/../../../../arm-none-eabi/lib/thumb/v7-m/nofp\libnosys.a
END GROUP
START GROUP
LOAD d:/software/stm32cubeide/stm32cubeide_1.5.0/stm32cubeide/plugins/com.st.stm32cube.ide.mcu.externaltools.gnu-tools-for-stm32.9-2020-q2-update.win32_1.5.0.202011040924/tools/bin/../lib/gcc/arm-none-eabi/9.3.1/thumb/v7-m/nofp\libgcc.a
LOAD d:/software/stm32cubeide/stm32cubeide_1.5.0/stm32cubeide/plugins/com.st.stm32cube.ide.mcu.externaltools.gnu-tools-for-stm32.9-2020-q2-update.win32_1.5.0.202011040924/tools/bin/../lib/gcc/arm-none-eabi/9.3.1/../../../../arm-none-eabi/lib/thumb/v7-m/nofp\libc_nano.a
LOAD d:/software/stm32cubeide/stm32cubeide_1.5.0/stm32cubeide/plugins/com.st.stm32cube.ide.mcu.externaltools.gnu-tools-for-stm32.9-2020-q2-update.win32_1.5.0.202011040924/tools/bin/../lib/gcc/arm-none-eabi/9.3.1/../../../../arm-none-eabi/lib/thumb/v7-m/nofp\libnosys.a
END GROUP
LOAD d:/software/stm32cubeide/stm32cubeide_1.5.0/stm32cubeide/plugins/com.st.stm32cube.ide.mcu.externaltools.gnu-tools-for-stm32.9-2020-q2-update.win32_1.5.0.202011040924/tools/bin/../lib/gcc/arm-none-eabi/9.3.1/thumb/v7-m/nofp/crtend.o
LOAD d:/software/stm32cubeide/stm32cubeide_1.5.0/stm32cubeide/plugins/com.st.stm32cube.ide.mcu.externaltools.gnu-tools-for-stm32.9-2020-q2-update.win32_1.5.0.202011040924/tools/bin/../lib/gcc/arm-none-eabi/9.3.1/thumb/v7-m/nofp/crtn.o
                0x000000002000c000                _estack = (ORIGIN (RAM) + LENGTH (RAM))
                0x0000000000000500                _Min_Heap_Size = 0x500
                0x0000000000000800                _Min_Stack_Size = 0x800

.isr_vector     0x0000000008000000      0x1e4
                0x0000000008000000                . = ALIGN (0x4)
 *(.isr_vector)
 .isr_vector    0x0000000008000000      0x1e4 Application/Startup/startup_stm32f103rctx.o
                0x0000000008000000                g_pfnVectors
                0x00000000080001e4                . = ALIGN (0x4)

.text           0x00000000080001e8     0x3180
                0x00000000080001e8                . = ALIGN (0x4)
 *(.text)
 .text          0x00000000080001e8       0x40 d:/software/stm32cubeide/stm32cubeide_1.5.0/stm32cubeide/plugins/com.st.stm32cube.ide.mcu.externaltools.gnu-tools-for-stm32.9-2020-q2-update.win32_1.5.0.202011040924/tools/bin/../lib/gcc/arm-none-eabi/9.3.1/thumb/v7-m/nofp/crtbegin.o
 .text          0x0000000008000228      0x168 d:/software/stm32cubeide/stm32cubeide_1.5.0/stm32cubeide/plugins/com.st.stm32cube.ide.mcu.externaltools.gnu-tools-for-stm32.9-2020-q2-update.win32_1.5.0.202011040924/tools/bin/../lib/gcc/arm-none-eabi/9.3.1/thumb/v7-m/nofp\libgcc.a(_arm_mulsf3.o)
                0x0000000008000228                __aeabi_fmul
                0x0000000008000228                __mulsf3
 .text          0x0000000008000390      0x378 d:/software/stm32cubeide/stm32cubeide_1.5.0/stm32cubeide/plugins/com.st.stm32cube.ide.mcu.externaltools.gnu-tools-for-stm32.9-2020-q2-update.win32_1.5.0.202011040924/tools/bin/../lib/gcc/arm-none-eabi/9.3.1/thumb/v7-m/nofp\libgcc.a(_arm_addsubdf3.o)
                0x0000000008000390                __aeabi_drsub
                0x0000000008000398                __aeabi_dsub
                0x0000000008000398                __subdf3
                0x000000000800039c                __aeabi_dadd
                0x000000000800039c                __adddf3
                0x0000000008000614                __floatunsidf
                0x0000000008000614                __aeabi_ui2d
                0x0000000008000634                __floatsidf
                0x0000000008000634                __aeabi_i2d
                0x0000000008000658                __aeabi_f2d
                0x0000000008000658                __extendsfdf2
                0x000000000800069c                __floatundidf
                0x000000000800069c                __aeabi_ul2d
                0x00000000080006ac                __floatdidf
                0x00000000080006ac                __aeabi_l2d
 .text          0x0000000008000708      0x424 d:/software/stm32cubeide/stm32cubeide_1.5.0/stm32cubeide/plugins/com.st.stm32cube.ide.mcu.externaltools.gnu-tools-for-stm32.9-2020-q2-update.win32_1.5.0.202011040924/tools/bin/../lib/gcc/arm-none-eabi/9.3.1/thumb/v7-m/nofp\libgcc.a(_arm_muldivdf3.o)
                0x0000000008000708                __aeabi_dmul
                0x0000000008000708                __muldf3
                0x000000000800095c                __divdf3
                0x000000000800095c                __aeabi_ddiv
 .text          0x0000000008000b2c       0x50 d:/software/stm32cubeide/stm32cubeide_1.5.0/stm32cubeide/plugins/com.st.stm32cube.ide.mcu.externaltools.gnu-tools-for-stm32.9-2020-q2-update.win32_1.5.0.202011040924/tools/bin/../lib/gcc/arm-none-eabi/9.3.1/thumb/v7-m/nofp\libgcc.a(_arm_fixdfsi.o)
                0x0000000008000b2c                __aeabi_d2iz
                0x0000000008000b2c                __fixdfsi
 .text          0x0000000008000b7c       0x4c d:/software/stm32cubeide/stm32cubeide_1.5.0/stm32cubeide/plugins/com.st.stm32cube.ide.mcu.externaltools.gnu-tools-for-stm32.9-2020-q2-update.win32_1.5.0.202011040924/tools/bin/../lib/gcc/arm-none-eabi/9.3.1/thumb/v7-m/nofp\libgcc.a(_arm_fixsfsi.o)
                0x0000000008000b7c                __aeabi_f2iz
                0x0000000008000b7c                __fixsfsi
 *(.text*)
 .text.Reset_Handler
                0x0000000008000bc8       0x48 Application/Startup/startup_stm32f103rctx.o
                0x0000000008000bc8                Reset_Handler
 .text.Default_Handler
                0x0000000008000c10        0x2 Application/Startup/startup_stm32f103rctx.o
                0x0000000008000c10                RTC_Alarm_IRQHandler
                0x0000000008000c10                EXTI2_IRQHandler
                0x0000000008000c10                TIM8_TRG_COM_IRQHandler
                0x0000000008000c10                TIM8_CC_IRQHandler
                0x0000000008000c10                TIM1_CC_IRQHandler
                0x0000000008000c10                TIM6_IRQHandler
                0x0000000008000c10                PVD_IRQHandler
                0x0000000008000c10                SDIO_IRQHandler
                0x0000000008000c10                EXTI3_IRQHandler
                0x0000000008000c10                EXTI0_IRQHandler
                0x0000000008000c10                I2C2_EV_IRQHandler
                0x0000000008000c10                ADC1_2_IRQHandler
                0x0000000008000c10                SPI1_IRQHandler
                0x0000000008000c10                TAMPER_IRQHandler
                0x0000000008000c10                TIM8_UP_IRQHandler
                0x0000000008000c10                DMA2_Channel2_IRQHandler
                0x0000000008000c10                DMA1_Channel4_IRQHandler
                0x0000000008000c10                USART3_IRQHandler
                0x0000000008000c10                RTC_IRQHandler
                0x0000000008000c10                DMA1_Channel7_IRQHandler
                0x0000000008000c10                CAN1_RX1_IRQHandler
                0x0000000008000c10                UART5_IRQHandler
                0x0000000008000c10                ADC3_IRQHandler
                0x0000000008000c10                TIM4_IRQHandler
                0x0000000008000c10                DMA2_Channel1_IRQHandler
                0x0000000008000c10                I2C1_EV_IRQHandler
                0x0000000008000c10                DMA1_Channel6_IRQHandler
                0x0000000008000c10                UART4_IRQHandler
                0x0000000008000c10                TIM3_IRQHandler
                0x0000000008000c10                RCC_IRQHandler
                0x0000000008000c10                TIM1_TRG_COM_IRQHandler
                0x0000000008000c10                DMA1_Channel1_IRQHandler
                0x0000000008000c10                Default_Handler
                0x0000000008000c10                EXTI15_10_IRQHandler
                0x0000000008000c10                TIM7_IRQHandler
                0x0000000008000c10                TIM5_IRQHandler
                0x0000000008000c10                EXTI9_5_IRQHandler
                0x0000000008000c10                SPI2_IRQHandler
                0x0000000008000c10                DMA1_Channel5_IRQHandler
                0x0000000008000c10                EXTI4_IRQHandler
                0x0000000008000c10                USB_LP_CAN1_RX0_IRQHandler
                0x0000000008000c10                USB_HP_CAN1_TX_IRQHandler
                0x0000000008000c10                DMA1_Channel3_IRQHandler
                0x0000000008000c10                FSMC_IRQHandler
                0x0000000008000c10                TIM1_UP_IRQHandler
                0x0000000008000c10                WWDG_IRQHandler
                0x0000000008000c10                TIM1_BRK_IRQHandler
                0x0000000008000c10                DMA2_Channel4_5_IRQHandler
                0x0000000008000c10                USART2_IRQHandler
                0x0000000008000c10                I2C2_ER_IRQHandler
                0x0000000008000c10                DMA1_Channel2_IRQHandler
                0x0000000008000c10                TIM8_BRK_IRQHandler
                0x0000000008000c10                CAN1_SCE_IRQHandler
                0x0000000008000c10                FLASH_IRQHandler
                0x0000000008000c10                USART1_IRQHandler
                0x0000000008000c10                SPI3_IRQHandler
                0x0000000008000c10                I2C1_ER_IRQHandler
                0x0000000008000c10                USBWakeUp_IRQHandler
                0x0000000008000c10                DMA2_Channel3_IRQHandler
 *fill*         0x0000000008000c12        0x2 
 .text.MX_GPIO_Init
                0x0000000008000c14      0x190 Application/User/gpio.o
                0x0000000008000c14                MX_GPIO_Init
 .text.main     0x0000000008000da4       0x84 Application/User/main.o
                0x0000000008000da4                main
 .text.SystemClock_Config
                0x0000000008000e28       0x8a Application/User/main.o
                0x0000000008000e28                SystemClock_Config
 *fill*         0x0000000008000eb2        0x2 
 .text.delay_us
                0x0000000008000eb4       0x54 Application/User/main.o
                0x0000000008000eb4                delay_us
 .text.Error_Handler
                0x0000000008000f08        0xa Application/User/main.o
                0x0000000008000f08                Error_Handler
 *fill*         0x0000000008000f12        0x2 
 .text.HAL_MspInit
                0x0000000008000f14       0x64 Application/User/stm32f1xx_hal_msp.o
                0x0000000008000f14                HAL_MspInit
 .text.NMI_Handler
                0x0000000008000f78        0x6 Application/User/stm32f1xx_it.o
                0x0000000008000f78                NMI_Handler
 .text.HardFault_Handler
                0x0000000008000f7e        0x6 Application/User/stm32f1xx_it.o
                0x0000000008000f7e                HardFault_Handler
 .text.MemManage_Handler
                0x0000000008000f84        0x6 Application/User/stm32f1xx_it.o
                0x0000000008000f84                MemManage_Handler
 .text.BusFault_Handler
                0x0000000008000f8a        0x6 Application/User/stm32f1xx_it.o
                0x0000000008000f8a                BusFault_Handler
 .text.UsageFault_Handler
                0x0000000008000f90        0x6 Application/User/stm32f1xx_it.o
                0x0000000008000f90                UsageFault_Handler
 .text.SVC_Handler
                0x0000000008000f96        0xc Application/User/stm32f1xx_it.o
                0x0000000008000f96                SVC_Handler
 .text.DebugMon_Handler
                0x0000000008000fa2        0xc Application/User/stm32f1xx_it.o
                0x0000000008000fa2                DebugMon_Handler
 .text.PendSV_Handler
                0x0000000008000fae        0xc Application/User/stm32f1xx_it.o
                0x0000000008000fae                PendSV_Handler
 .text.SysTick_Handler
                0x0000000008000fba        0xc Application/User/stm32f1xx_it.o
                0x0000000008000fba                SysTick_Handler
 .text.EXTI1_IRQHandler
                0x0000000008000fc6        0xe Application/User/stm32f1xx_it.o
                0x0000000008000fc6                EXTI1_IRQHandler
 .text.TIM2_IRQHandler
                0x0000000008000fd4       0x14 Application/User/stm32f1xx_it.o
                0x0000000008000fd4                TIM2_IRQHandler
 .text.MX_TIM2_Init
                0x0000000008000fe8       0x9c Application/User/tim.o
                0x0000000008000fe8                MX_TIM2_Init
 .text.MX_TIM4_Init
                0x0000000008001084      0x104 Application/User/tim.o
                0x0000000008001084                MX_TIM4_Init
 .text.HAL_TIM_Base_MspInit
                0x0000000008001188       0x70 Application/User/tim.o
                0x0000000008001188                HAL_TIM_Base_MspInit
 .text.HAL_TIM_MspPostInit
                0x00000000080011f8       0x68 Application/User/tim.o
                0x00000000080011f8                HAL_TIM_MspPostInit
 .text.SystemInit
                0x0000000008001260        0xc Drivers/CMSIS/system_stm32f1xx.o
                0x0000000008001260                SystemInit
 .text.HAL_Init
                0x000000000800126c       0x2c Drivers/STM32F1xx_HAL_Driver/stm32f1xx_hal.o
                0x000000000800126c                HAL_Init
 .text.HAL_InitTick
                0x0000000008001298       0x60 Drivers/STM32F1xx_HAL_Driver/stm32f1xx_hal.o
                0x0000000008001298                HAL_InitTick
 .text.HAL_IncTick
                0x00000000080012f8       0x24 Drivers/STM32F1xx_HAL_Driver/stm32f1xx_hal.o
                0x00000000080012f8                HAL_IncTick
 .text.HAL_GetTick
                0x000000000800131c       0x14 Drivers/STM32F1xx_HAL_Driver/stm32f1xx_hal.o
                0x000000000800131c                HAL_GetTick
 .text.HAL_Delay
                0x0000000008001330       0x48 Drivers/STM32F1xx_HAL_Driver/stm32f1xx_hal.o
                0x0000000008001330                HAL_Delay
 .text.__NVIC_SetPriorityGrouping
                0x0000000008001378       0x48 Drivers/STM32F1xx_HAL_Driver/stm32f1xx_hal_cortex.o
 .text.__NVIC_GetPriorityGrouping
                0x00000000080013c0       0x1c Drivers/STM32F1xx_HAL_Driver/stm32f1xx_hal_cortex.o
 .text.__NVIC_EnableIRQ
                0x00000000080013dc       0x38 Drivers/STM32F1xx_HAL_Driver/stm32f1xx_hal_cortex.o
 .text.__NVIC_SetPriority
                0x0000000008001414       0x54 Drivers/STM32F1xx_HAL_Driver/stm32f1xx_hal_cortex.o
 .text.NVIC_EncodePriority
                0x0000000008001468       0x64 Drivers/STM32F1xx_HAL_Driver/stm32f1xx_hal_cortex.o
 .text.SysTick_Config
                0x00000000080014cc       0x44 Drivers/STM32F1xx_HAL_Driver/stm32f1xx_hal_cortex.o
 .text.HAL_NVIC_SetPriorityGrouping
                0x0000000008001510       0x16 Drivers/STM32F1xx_HAL_Driver/stm32f1xx_hal_cortex.o
                0x0000000008001510                HAL_NVIC_SetPriorityGrouping
 .text.HAL_NVIC_SetPriority
                0x0000000008001526       0x38 Drivers/STM32F1xx_HAL_Driver/stm32f1xx_hal_cortex.o
                0x0000000008001526                HAL_NVIC_SetPriority
 .text.HAL_NVIC_EnableIRQ
                0x000000000800155e       0x1c Drivers/STM32F1xx_HAL_Driver/stm32f1xx_hal_cortex.o
                0x000000000800155e                HAL_NVIC_EnableIRQ
 .text.HAL_SYSTICK_Config
                0x000000000800157a       0x18 Drivers/STM32F1xx_HAL_Driver/stm32f1xx_hal_cortex.o
                0x000000000800157a                HAL_SYSTICK_Config
 *fill*         0x0000000008001592        0x2 
 .text.HAL_GPIO_Init
                0x0000000008001594      0x328 Drivers/STM32F1xx_HAL_Driver/stm32f1xx_hal_gpio.o
                0x0000000008001594                HAL_GPIO_Init
 .text.HAL_GPIO_ReadPin
                0x00000000080018bc       0x2e Drivers/STM32F1xx_HAL_Driver/stm32f1xx_hal_gpio.o
                0x00000000080018bc                HAL_GPIO_ReadPin
 .text.HAL_GPIO_WritePin
                0x00000000080018ea       0x30 Drivers/STM32F1xx_HAL_Driver/stm32f1xx_hal_gpio.o
                0x00000000080018ea                HAL_GPIO_WritePin
 *fill*         0x000000000800191a        0x2 
 .text.HAL_GPIO_EXTI_IRQHandler
                0x000000000800191c       0x30 Drivers/STM32F1xx_HAL_Driver/stm32f1xx_hal_gpio.o
                0x000000000800191c                HAL_GPIO_EXTI_IRQHandler
 .text.HAL_GPIO_EXTI_Callback
                0x000000000800194c       0x14 Drivers/STM32F1xx_HAL_Driver/stm32f1xx_hal_gpio.o
                0x000000000800194c                HAL_GPIO_EXTI_Callback
 .text.HAL_RCC_OscConfig
                0x0000000008001960      0x500 Drivers/STM32F1xx_HAL_Driver/stm32f1xx_hal_rcc.o
                0x0000000008001960                HAL_RCC_OscConfig
 .text.HAL_RCC_ClockConfig
                0x0000000008001e60      0x1d4 Drivers/STM32F1xx_HAL_Driver/stm32f1xx_hal_rcc.o
                0x0000000008001e60                HAL_RCC_ClockConfig
 .text.HAL_RCC_GetSysClockFreq
                0x0000000008002034       0xc0 Drivers/STM32F1xx_HAL_Driver/stm32f1xx_hal_rcc.o
                0x0000000008002034                HAL_RCC_GetSysClockFreq
 .text.RCC_Delay
                0x00000000080020f4       0x3c Drivers/STM32F1xx_HAL_Driver/stm32f1xx_hal_rcc.o
 .text.HAL_TIM_Base_Init
                0x0000000008002130       0x9e Drivers/STM32F1xx_HAL_Driver/stm32f1xx_hal_tim.o
                0x0000000008002130                HAL_TIM_Base_Init
 .text.HAL_TIM_PWM_Init
                0x00000000080021ce       0x9e Drivers/STM32F1xx_HAL_Driver/stm32f1xx_hal_tim.o
                0x00000000080021ce                HAL_TIM_PWM_Init
 .text.HAL_TIM_PWM_MspInit
                0x000000000800226c       0x12 Drivers/STM32F1xx_HAL_Driver/stm32f1xx_hal_tim.o
                0x000000000800226c                HAL_TIM_PWM_MspInit
 *fill*         0x000000000800227e        0x2 
 .text.HAL_TIM_PWM_Start
                0x0000000008002280      0x174 Drivers/STM32F1xx_HAL_Driver/stm32f1xx_hal_tim.o
                0x0000000008002280                HAL_TIM_PWM_Start
 .text.HAL_TIM_IRQHandler
                0x00000000080023f4      0x210 Drivers/STM32F1xx_HAL_Driver/stm32f1xx_hal_tim.o
                0x00000000080023f4                HAL_TIM_IRQHandler
 .text.HAL_TIM_PWM_ConfigChannel
                0x0000000008002604      0x17c Drivers/STM32F1xx_HAL_Driver/stm32f1xx_hal_tim.o
                0x0000000008002604                HAL_TIM_PWM_ConfigChannel
 .text.HAL_TIM_ConfigClockSource
                0x0000000008002780      0x188 Drivers/STM32F1xx_HAL_Driver/stm32f1xx_hal_tim.o
                0x0000000008002780                HAL_TIM_ConfigClockSource
 .text.HAL_TIM_PeriodElapsedCallback
                0x0000000008002908       0x12 Drivers/STM32F1xx_HAL_Driver/stm32f1xx_hal_tim.o
                0x0000000008002908                HAL_TIM_PeriodElapsedCallback
 .text.HAL_TIM_OC_DelayElapsedCallback
                0x000000000800291a       0x12 Drivers/STM32F1xx_HAL_Driver/stm32f1xx_hal_tim.o
                0x000000000800291a                HAL_TIM_OC_DelayElapsedCallback
 .text.HAL_TIM_IC_CaptureCallback
                0x000000000800292c       0x12 Drivers/STM32F1xx_HAL_Driver/stm32f1xx_hal_tim.o
                0x000000000800292c                HAL_TIM_IC_CaptureCallback
 .text.HAL_TIM_PWM_PulseFinishedCallback
                0x000000000800293e       0x12 Drivers/STM32F1xx_HAL_Driver/stm32f1xx_hal_tim.o
                0x000000000800293e                HAL_TIM_PWM_PulseFinishedCallback
 .text.HAL_TIM_TriggerCallback
                0x0000000008002950       0x12 Drivers/STM32F1xx_HAL_Driver/stm32f1xx_hal_tim.o
                0x0000000008002950                HAL_TIM_TriggerCallback
 *fill*         0x0000000008002962        0x2 
 .text.TIM_Base_SetConfig
                0x0000000008002964       0xf4 Drivers/STM32F1xx_HAL_Driver/stm32f1xx_hal_tim.o
                0x0000000008002964                TIM_Base_SetConfig
 .text.TIM_OC1_SetConfig
                0x0000000008002a58       0xe0 Drivers/STM32F1xx_HAL_Driver/stm32f1xx_hal_tim.o
 .text.TIM_OC2_SetConfig
                0x0000000008002b38       0xe8 Drivers/STM32F1xx_HAL_Driver/stm32f1xx_hal_tim.o
                0x0000000008002b38                TIM_OC2_SetConfig
 .text.TIM_OC3_SetConfig
                0x0000000008002c20       0xe8 Drivers/STM32F1xx_HAL_Driver/stm32f1xx_hal_tim.o
 .text.TIM_OC4_SetConfig
                0x0000000008002d08       0xa8 Drivers/STM32F1xx_HAL_Driver/stm32f1xx_hal_tim.o
 .text.TIM_TI1_ConfigInputStage
                0x0000000008002db0       0x5c Drivers/STM32F1xx_HAL_Driver/stm32f1xx_hal_tim.o
 .text.TIM_TI2_ConfigInputStage
                0x0000000008002e0c       0x5e Drivers/STM32F1xx_HAL_Driver/stm32f1xx_hal_tim.o
 .text.TIM_ITRx_SetConfig
                0x0000000008002e6a       0x34 Drivers/STM32F1xx_HAL_Driver/stm32f1xx_hal_tim.o
 .text.TIM_ETR_SetConfig
                0x0000000008002e9e       0x3e Drivers/STM32F1xx_HAL_Driver/stm32f1xx_hal_tim.o
                0x0000000008002e9e                TIM_ETR_SetConfig
 .text.TIM_CCxChannelCmd
                0x0000000008002edc       0x48 Drivers/STM32F1xx_HAL_Driver/stm32f1xx_hal_tim.o
                0x0000000008002edc                TIM_CCxChannelCmd
 .text.HAL_TIMEx_MasterConfigSynchronization
                0x0000000008002f24       0xd8 Drivers/STM32F1xx_HAL_Driver/stm32f1xx_hal_tim_ex.o
                0x0000000008002f24                HAL_TIMEx_MasterConfigSynchronization
 .text.HAL_TIMEx_CommutCallback
                0x0000000008002ffc       0x12 Drivers/STM32F1xx_HAL_Driver/stm32f1xx_hal_tim_ex.o
                0x0000000008002ffc                HAL_TIMEx_CommutCallback
 .text.HAL_TIMEx_BreakCallback
                0x000000000800300e       0x12 Drivers/STM32F1xx_HAL_Driver/stm32f1xx_hal_tim_ex.o
                0x000000000800300e                HAL_TIMEx_BreakCallback
 .text.UltrasonicWave_StartMeasure
                0x0000000008003020       0x50 mycode/UltrasonicWave.o
                0x0000000008003020                UltrasonicWave_StartMeasure
 .text.keyscan  0x0000000008003070       0x88 mycode/keyscan.o
                0x0000000008003070                keyscan
 .text.SetMotorSpeed
                0x00000000080030f8      0x100 mycode/motor.o
                0x00000000080030f8                SetMotorSpeed
 .text.ZYSTM32_run
                0x00000000080031f8       0x3c mycode/motor.o
                0x00000000080031f8                ZYSTM32_run
 .text.ZYSTM32_brake
                0x0000000008003234       0x44 mycode/motor.o
                0x0000000008003234                ZYSTM32_brake
 .text.ZYSTM32_Right
                0x0000000008003278       0x38 mycode/motor.o
                0x0000000008003278                ZYSTM32_Right
 .text.ZYSTM32_back
                0x00000000080032b0       0x46 mycode/motor.o
                0x00000000080032b0                ZYSTM32_back
 *fill*         0x00000000080032f6        0x2 
 .text.__libc_init_array
                0x00000000080032f8       0x48 d:/software/stm32cubeide/stm32cubeide_1.5.0/stm32cubeide/plugins/com.st.stm32cube.ide.mcu.externaltools.gnu-tools-for-stm32.9-2020-q2-update.win32_1.5.0.202011040924/tools/bin/../lib/gcc/arm-none-eabi/9.3.1/../../../../arm-none-eabi/lib/thumb/v7-m/nofp\libc_nano.a(lib_a-init.o)
                0x00000000080032f8                __libc_init_array
 .text.memset   0x0000000008003340       0x10 d:/software/stm32cubeide/stm32cubeide_1.5.0/stm32cubeide/plugins/com.st.stm32cube.ide.mcu.externaltools.gnu-tools-for-stm32.9-2020-q2-update.win32_1.5.0.202011040924/tools/bin/../lib/gcc/arm-none-eabi/9.3.1/../../../../arm-none-eabi/lib/thumb/v7-m/nofp\libc_nano.a(lib_a-memset.o)
                0x0000000008003340                memset
 *(.glue_7)
 .glue_7        0x0000000008003350        0x0 linker stubs
 *(.glue_7t)
 .glue_7t       0x0000000008003350        0x0 linker stubs
 *(.eh_frame)
 .eh_frame      0x0000000008003350        0x0 d:/software/stm32cubeide/stm32cubeide_1.5.0/stm32cubeide/plugins/com.st.stm32cube.ide.mcu.externaltools.gnu-tools-for-stm32.9-2020-q2-update.win32_1.5.0.202011040924/tools/bin/../lib/gcc/arm-none-eabi/9.3.1/thumb/v7-m/nofp/crtbegin.o
 *(.init)
 .init          0x0000000008003350        0x4 d:/software/stm32cubeide/stm32cubeide_1.5.0/stm32cubeide/plugins/com.st.stm32cube.ide.mcu.externaltools.gnu-tools-for-stm32.9-2020-q2-update.win32_1.5.0.202011040924/tools/bin/../lib/gcc/arm-none-eabi/9.3.1/thumb/v7-m/nofp/crti.o
                0x0000000008003350                _init
 .init          0x0000000008003354        0x8 d:/software/stm32cubeide/stm32cubeide_1.5.0/stm32cubeide/plugins/com.st.stm32cube.ide.mcu.externaltools.gnu-tools-for-stm32.9-2020-q2-update.win32_1.5.0.202011040924/tools/bin/../lib/gcc/arm-none-eabi/9.3.1/thumb/v7-m/nofp/crtn.o
 *(.fini)
 .fini          0x000000000800335c        0x4 d:/software/stm32cubeide/stm32cubeide_1.5.0/stm32cubeide/plugins/com.st.stm32cube.ide.mcu.externaltools.gnu-tools-for-stm32.9-2020-q2-update.win32_1.5.0.202011040924/tools/bin/../lib/gcc/arm-none-eabi/9.3.1/thumb/v7-m/nofp/crti.o
                0x000000000800335c                _fini
 .fini          0x0000000008003360        0x8 d:/software/stm32cubeide/stm32cubeide_1.5.0/stm32cubeide/plugins/com.st.stm32cube.ide.mcu.externaltools.gnu-tools-for-stm32.9-2020-q2-update.win32_1.5.0.202011040924/tools/bin/../lib/gcc/arm-none-eabi/9.3.1/thumb/v7-m/nofp/crtn.o
                0x0000000008003368                . = ALIGN (0x4)
                0x0000000008003368                _etext = .

.vfp11_veneer   0x0000000008003368        0x0
 .vfp11_veneer  0x0000000008003368        0x0 linker stubs

.v4_bx          0x0000000008003368        0x0
 .v4_bx         0x0000000008003368        0x0 linker stubs

.iplt           0x0000000008003368        0x0
 .iplt          0x0000000008003368        0x0 d:/software/stm32cubeide/stm32cubeide_1.5.0/stm32cubeide/plugins/com.st.stm32cube.ide.mcu.externaltools.gnu-tools-for-stm32.9-2020-q2-update.win32_1.5.0.202011040924/tools/bin/../lib/gcc/arm-none-eabi/9.3.1/thumb/v7-m/nofp/crtbegin.o

.rodata         0x0000000008003368       0x20
                0x0000000008003368                . = ALIGN (0x4)
 *(.rodata)
 .rodata        0x0000000008003368       0x10 Drivers/STM32F1xx_HAL_Driver/stm32f1xx_hal_rcc.o
 *(.rodata*)
 .rodata.AHBPrescTable
                0x0000000008003378       0x10 Drivers/CMSIS/system_stm32f1xx.o
                0x0000000008003378                AHBPrescTable
                0x0000000008003388                . = ALIGN (0x4)

.rel.dyn        0x0000000008003388        0x0
 .rel.iplt      0x0000000008003388        0x0 d:/software/stm32cubeide/stm32cubeide_1.5.0/stm32cubeide/plugins/com.st.stm32cube.ide.mcu.externaltools.gnu-tools-for-stm32.9-2020-q2-update.win32_1.5.0.202011040924/tools/bin/../lib/gcc/arm-none-eabi/9.3.1/thumb/v7-m/nofp/crtbegin.o

.ARM.extab      0x0000000008003388        0x0
                0x0000000008003388                . = ALIGN (0x4)
 *(.ARM.extab* .gnu.linkonce.armextab.*)
                0x0000000008003388                . = ALIGN (0x4)

.ARM            0x0000000008003388        0x0
                0x0000000008003388                . = ALIGN (0x4)
                0x0000000008003388                __exidx_start = .
 *(.ARM.exidx*)
                0x0000000008003388                __exidx_end = .
                0x0000000008003388                . = ALIGN (0x4)

.preinit_array  0x0000000008003388        0x0
                0x0000000008003388                . = ALIGN (0x4)
                0x0000000008003388                PROVIDE (__preinit_array_start = .)
 *(.preinit_array*)
                0x0000000008003388                PROVIDE (__preinit_array_end = .)
                0x0000000008003388                . = ALIGN (0x4)

.init_array     0x0000000008003388        0x4
                0x0000000008003388                . = ALIGN (0x4)
                0x0000000008003388                PROVIDE (__init_array_start = .)
 *(SORT_BY_NAME(.init_array.*))
 *(.init_array*)
 .init_array    0x0000000008003388        0x4 d:/software/stm32cubeide/stm32cubeide_1.5.0/stm32cubeide/plugins/com.st.stm32cube.ide.mcu.externaltools.gnu-tools-for-stm32.9-2020-q2-update.win32_1.5.0.202011040924/tools/bin/../lib/gcc/arm-none-eabi/9.3.1/thumb/v7-m/nofp/crtbegin.o
                0x000000000800338c                PROVIDE (__init_array_end = .)
                0x000000000800338c                . = ALIGN (0x4)

.fini_array     0x000000000800338c        0x4
                0x000000000800338c                . = ALIGN (0x4)
                [!provide]                        PROVIDE (__fini_array_start = .)
 *(SORT_BY_NAME(.fini_array.*))
 *(.fini_array*)
 .fini_array    0x000000000800338c        0x4 d:/software/stm32cubeide/stm32cubeide_1.5.0/stm32cubeide/plugins/com.st.stm32cube.ide.mcu.externaltools.gnu-tools-for-stm32.9-2020-q2-update.win32_1.5.0.202011040924/tools/bin/../lib/gcc/arm-none-eabi/9.3.1/thumb/v7-m/nofp/crtbegin.o
                [!provide]                        PROVIDE (__fini_array_end = .)
                0x0000000008003390                . = ALIGN (0x4)
                0x0000000008003390                _sidata = LOADADDR (.data)

.data           0x0000000020000000        0xc load address 0x0000000008003390
                0x0000000020000000                . = ALIGN (0x4)
                0x0000000020000000                _sdata = .
 *(.data)
 *(.data*)
 .data.SystemCoreClock
                0x0000000020000000        0x4 Drivers/CMSIS/system_stm32f1xx.o
                0x0000000020000000                SystemCoreClock
 .data.uwTickPrio
                0x0000000020000004        0x4 Drivers/STM32F1xx_HAL_Driver/stm32f1xx_hal.o
                0x0000000020000004                uwTickPrio
 .data.uwTickFreq
                0x0000000020000008        0x1 Drivers/STM32F1xx_HAL_Driver/stm32f1xx_hal.o
                0x0000000020000008                uwTickFreq
 *(.RamFunc)
 *(.RamFunc*)
                0x000000002000000c                . = ALIGN (0x4)
 *fill*         0x0000000020000009        0x3 
                0x000000002000000c                _edata = .

.igot.plt       0x000000002000000c        0x0 load address 0x000000000800339c
 .igot.plt      0x000000002000000c        0x0 d:/software/stm32cubeide/stm32cubeide_1.5.0/stm32cubeide/plugins/com.st.stm32cube.ide.mcu.externaltools.gnu-tools-for-stm32.9-2020-q2-update.win32_1.5.0.202011040924/tools/bin/../lib/gcc/arm-none-eabi/9.3.1/thumb/v7-m/nofp/crtbegin.o
                0x000000002000000c                . = ALIGN (0x4)

.bss            0x000000002000000c       0xb4 load address 0x000000000800339c
                0x000000002000000c                _sbss = .
                0x000000002000000c                __bss_start__ = _sbss
 *(.bss)
 .bss           0x000000002000000c       0x1c d:/software/stm32cubeide/stm32cubeide_1.5.0/stm32cubeide/plugins/com.st.stm32cube.ide.mcu.externaltools.gnu-tools-for-stm32.9-2020-q2-update.win32_1.5.0.202011040924/tools/bin/../lib/gcc/arm-none-eabi/9.3.1/thumb/v7-m/nofp/crtbegin.o
 *(.bss*)
 *(COMMON)
 COMMON         0x0000000020000028       0x90 Application/User/tim.o
                0x0000000020000028                htim4
                0x0000000020000070                htim2
 COMMON         0x00000000200000b8        0x4 Drivers/STM32F1xx_HAL_Driver/stm32f1xx_hal.o
                0x00000000200000b8                uwTick
 COMMON         0x00000000200000bc        0x4 mycode/UltrasonicWave.o
                0x00000000200000bc                UltrasonicWave_Distance
                0x00000000200000c0                . = ALIGN (0x4)
                0x00000000200000c0                _ebss = .
                0x00000000200000c0                __bss_end__ = _ebss

._user_heap_stack
                0x00000000200000c0      0xd00 load address 0x000000000800339c
                0x00000000200000c0                . = ALIGN (0x8)
                [!provide]                        PROVIDE (end = .)
                0x00000000200000c0                PROVIDE (_end = .)
                0x00000000200005c0                . = (. + _Min_Heap_Size)
 *fill*         0x00000000200000c0      0x500 
                0x0000000020000dc0                . = (. + _Min_Stack_Size)
 *fill*         0x00000000200005c0      0x800 
                0x0000000020000dc0                . = ALIGN (0x8)

/DISCARD/
 libc.a(*)
 libm.a(*)
 libgcc.a(*)

.ARM.attributes
                0x0000000000000000       0x29
 *(.ARM.attributes)
 .ARM.attributes
                0x0000000000000000       0x1d d:/software/stm32cubeide/stm32cubeide_1.5.0/stm32cubeide/plugins/com.st.stm32cube.ide.mcu.externaltools.gnu-tools-for-stm32.9-2020-q2-update.win32_1.5.0.202011040924/tools/bin/../lib/gcc/arm-none-eabi/9.3.1/thumb/v7-m/nofp/crti.o
 .ARM.attributes
                0x000000000000001d       0x2d d:/software/stm32cubeide/stm32cubeide_1.5.0/stm32cubeide/plugins/com.st.stm32cube.ide.mcu.externaltools.gnu-tools-for-stm32.9-2020-q2-update.win32_1.5.0.202011040924/tools/bin/../lib/gcc/arm-none-eabi/9.3.1/thumb/v7-m/nofp/crtbegin.o
 .ARM.attributes
                0x000000000000004a       0x21 Application/Startup/startup_stm32f103rctx.o
 .ARM.attributes
                0x000000000000006b       0x2d Application/User/gpio.o
 .ARM.attributes
                0x0000000000000098       0x2d Application/User/main.o
 .ARM.attributes
                0x00000000000000c5       0x2d Application/User/stm32f1xx_hal_msp.o
 .ARM.attributes
                0x00000000000000f2       0x2d Application/User/stm32f1xx_it.o
 .ARM.attributes
                0x000000000000011f       0x2d Application/User/tim.o
 .ARM.attributes
                0x000000000000014c       0x2d Drivers/CMSIS/system_stm32f1xx.o
 .ARM.attributes
                0x0000000000000179       0x2d Drivers/STM32F1xx_HAL_Driver/stm32f1xx_hal.o
 .ARM.attributes
                0x00000000000001a6       0x2d Drivers/STM32F1xx_HAL_Driver/stm32f1xx_hal_cortex.o
 .ARM.attributes
                0x00000000000001d3       0x2d Drivers/STM32F1xx_HAL_Driver/stm32f1xx_hal_gpio.o
 .ARM.attributes
                0x0000000000000200       0x2d Drivers/STM32F1xx_HAL_Driver/stm32f1xx_hal_rcc.o
 .ARM.attributes
                0x000000000000022d       0x2d Drivers/STM32F1xx_HAL_Driver/stm32f1xx_hal_tim.o
 .ARM.attributes
                0x000000000000025a       0x2d Drivers/STM32F1xx_HAL_Driver/stm32f1xx_hal_tim_ex.o
 .ARM.attributes
                0x0000000000000287       0x2d mycode/UltrasonicWave.o
 .ARM.attributes
                0x00000000000002b4       0x2d mycode/keyscan.o
 .ARM.attributes
                0x00000000000002e1       0x2d mycode/motor.o
 .ARM.attributes
                0x000000000000030e       0x2d d:/software/stm32cubeide/stm32cubeide_1.5.0/stm32cubeide/plugins/com.st.stm32cube.ide.mcu.externaltools.gnu-tools-for-stm32.9-2020-q2-update.win32_1.5.0.202011040924/tools/bin/../lib/gcc/arm-none-eabi/9.3.1/../../../../arm-none-eabi/lib/thumb/v7-m/nofp\libc_nano.a(lib_a-init.o)
 .ARM.attributes
                0x000000000000033b       0x2d d:/software/stm32cubeide/stm32cubeide_1.5.0/stm32cubeide/plugins/com.st.stm32cube.ide.mcu.externaltools.gnu-tools-for-stm32.9-2020-q2-update.win32_1.5.0.202011040924/tools/bin/../lib/gcc/arm-none-eabi/9.3.1/../../../../arm-none-eabi/lib/thumb/v7-m/nofp\libc_nano.a(lib_a-memset.o)
 .ARM.attributes
                0x0000000000000368       0x1d d:/software/stm32cubeide/stm32cubeide_1.5.0/stm32cubeide/plugins/com.st.stm32cube.ide.mcu.externaltools.gnu-tools-for-stm32.9-2020-q2-update.win32_1.5.0.202011040924/tools/bin/../lib/gcc/arm-none-eabi/9.3.1/thumb/v7-m/nofp\libgcc.a(_arm_mulsf3.o)
 .ARM.attributes
                0x0000000000000385       0x1d d:/software/stm32cubeide/stm32cubeide_1.5.0/stm32cubeide/plugins/com.st.stm32cube.ide.mcu.externaltools.gnu-tools-for-stm32.9-2020-q2-update.win32_1.5.0.202011040924/tools/bin/../lib/gcc/arm-none-eabi/9.3.1/thumb/v7-m/nofp\libgcc.a(_arm_addsubdf3.o)
 .ARM.attributes
                0x00000000000003a2       0x1d d:/software/stm32cubeide/stm32cubeide_1.5.0/stm32cubeide/plugins/com.st.stm32cube.ide.mcu.externaltools.gnu-tools-for-stm32.9-2020-q2-update.win32_1.5.0.202011040924/tools/bin/../lib/gcc/arm-none-eabi/9.3.1/thumb/v7-m/nofp\libgcc.a(_arm_muldivdf3.o)
 .ARM.attributes
                0x00000000000003bf       0x1d d:/software/stm32cubeide/stm32cubeide_1.5.0/stm32cubeide/plugins/com.st.stm32cube.ide.mcu.externaltools.gnu-tools-for-stm32.9-2020-q2-update.win32_1.5.0.202011040924/tools/bin/../lib/gcc/arm-none-eabi/9.3.1/thumb/v7-m/nofp\libgcc.a(_arm_fixdfsi.o)
 .ARM.attributes
                0x00000000000003dc       0x1d d:/software/stm32cubeide/stm32cubeide_1.5.0/stm32cubeide/plugins/com.st.stm32cube.ide.mcu.externaltools.gnu-tools-for-stm32.9-2020-q2-update.win32_1.5.0.202011040924/tools/bin/../lib/gcc/arm-none-eabi/9.3.1/thumb/v7-m/nofp\libgcc.a(_arm_fixsfsi.o)
 .ARM.attributes
                0x00000000000003f9       0x1d d:/software/stm32cubeide/stm32cubeide_1.5.0/stm32cubeide/plugins/com.st.stm32cube.ide.mcu.externaltools.gnu-tools-for-stm32.9-2020-q2-update.win32_1.5.0.202011040924/tools/bin/../lib/gcc/arm-none-eabi/9.3.1/thumb/v7-m/nofp/crtn.o
OUTPUT(ZYSTM32-A1.elf elf32-littlearm)
LOAD linker stubs
LOAD d:/software/stm32cubeide/stm32cubeide_1.5.0/stm32cubeide/plugins/com.st.stm32cube.ide.mcu.externaltools.gnu-tools-for-stm32.9-2020-q2-update.win32_1.5.0.202011040924/tools/bin/../lib/gcc/arm-none-eabi/9.3.1/../../../../arm-none-eabi/lib/thumb/v7-m/nofp\libc.a
LOAD d:/software/stm32cubeide/stm32cubeide_1.5.0/stm32cubeide/plugins/com.st.stm32cube.ide.mcu.externaltools.gnu-tools-for-stm32.9-2020-q2-update.win32_1.5.0.202011040924/tools/bin/../lib/gcc/arm-none-eabi/9.3.1/../../../../arm-none-eabi/lib/thumb/v7-m/nofp\libm.a
LOAD d:/software/stm32cubeide/stm32cubeide_1.5.0/stm32cubeide/plugins/com.st.stm32cube.ide.mcu.externaltools.gnu-tools-for-stm32.9-2020-q2-update.win32_1.5.0.202011040924/tools/bin/../lib/gcc/arm-none-eabi/9.3.1/thumb/v7-m/nofp\libgcc.a

.debug_line     0x0000000000000000     0xc43a
 .debug_line    0x0000000000000000       0x8e Application/Startup/startup_stm32f103rctx.o
 .debug_line    0x000000000000008e      0x762 Application/User/gpio.o
 .debug_line    0x00000000000007f0      0x886 Application/User/main.o
 .debug_line    0x0000000000001076      0x701 Application/User/stm32f1xx_hal_msp.o
 .debug_line    0x0000000000001777      0x7f2 Application/User/stm32f1xx_it.o
 .debug_line    0x0000000000001f69      0x834 Application/User/tim.o
 .debug_line    0x000000000000279d      0x77e Drivers/CMSIS/system_stm32f1xx.o
 .debug_line    0x0000000000002f1b      0x9b0 Drivers/STM32F1xx_HAL_Driver/stm32f1xx_hal.o
 .debug_line    0x00000000000038cb      0xb98 Drivers/STM32F1xx_HAL_Driver/stm32f1xx_hal_cortex.o
 .debug_line    0x0000000000004463      0xa6f Drivers/STM32F1xx_HAL_Driver/stm32f1xx_hal_gpio.o
 .debug_line    0x0000000000004ed2      0xdbe Drivers/STM32F1xx_HAL_Driver/stm32f1xx_hal_rcc.o
 .debug_line    0x0000000000005c90     0x3577 Drivers/STM32F1xx_HAL_Driver/stm32f1xx_hal_tim.o
 .debug_line    0x0000000000009207     0x193c Drivers/STM32F1xx_HAL_Driver/stm32f1xx_hal_tim_ex.o
 .debug_line    0x000000000000ab43      0x77b mycode/UltrasonicWave.o
 .debug_line    0x000000000000b2be      0x741 mycode/keyscan.o
 .debug_line    0x000000000000b9ff      0xa3b mycode/motor.o

.debug_info     0x0000000000000000     0xaaba
 .debug_info    0x0000000000000000       0x22 Application/Startup/startup_stm32f103rctx.o
 .debug_info    0x0000000000000022      0x559 Application/User/gpio.o
 .debug_info    0x000000000000057b      0xaa8 Application/User/main.o
 .debug_info    0x0000000000001023      0x2fc Application/User/stm32f1xx_hal_msp.o
 .debug_info    0x000000000000131f      0x7de Application/User/stm32f1xx_it.o
 .debug_info    0x0000000000001afd      0xcb1 Application/User/tim.o
 .debug_info    0x00000000000027ae      0x2be Drivers/CMSIS/system_stm32f1xx.o
 .debug_info    0x0000000000002a6c      0x7d0 Drivers/STM32F1xx_HAL_Driver/stm32f1xx_hal.o
 .debug_info    0x000000000000323c      0xc42 Drivers/STM32F1xx_HAL_Driver/stm32f1xx_hal_cortex.o
 .debug_info    0x0000000000003e7e      0x701 Drivers/STM32F1xx_HAL_Driver/stm32f1xx_hal_gpio.o
 .debug_info    0x000000000000457f      0x88e Drivers/STM32F1xx_HAL_Driver/stm32f1xx_hal_rcc.o
 .debug_info    0x0000000000004e0d     0x2a45 Drivers/STM32F1xx_HAL_Driver/stm32f1xx_hal_tim.o
 .debug_info    0x0000000000007852     0x14d5 Drivers/STM32F1xx_HAL_Driver/stm32f1xx_hal_tim_ex.o
 .debug_info    0x0000000000008d27      0x8af mycode/UltrasonicWave.o
 .debug_info    0x00000000000095d6      0x24f mycode/keyscan.o
 .debug_info    0x0000000000009825     0x1295 mycode/motor.o

.debug_abbrev   0x0000000000000000     0x1c74
 .debug_abbrev  0x0000000000000000       0x12 Application/Startup/startup_stm32f103rctx.o
 .debug_abbrev  0x0000000000000012      0x157 Application/User/gpio.o
 .debug_abbrev  0x0000000000000169      0x21d Application/User/main.o
 .debug_abbrev  0x0000000000000386      0x11d Application/User/stm32f1xx_hal_msp.o
 .debug_abbrev  0x00000000000004a3      0x176 Application/User/stm32f1xx_it.o
 .debug_abbrev  0x0000000000000619      0x1d7 Application/User/tim.o
 .debug_abbrev  0x00000000000007f0      0x14e Drivers/CMSIS/system_stm32f1xx.o
 .debug_abbrev  0x000000000000093e      0x1ed Drivers/STM32F1xx_HAL_Driver/stm32f1xx_hal.o
 .debug_abbrev  0x0000000000000b2b      0x313 Drivers/STM32F1xx_HAL_Driver/stm32f1xx_hal_cortex.o
 .debug_abbrev  0x0000000000000e3e      0x1e8 Drivers/STM32F1xx_HAL_Driver/stm32f1xx_hal_gpio.o
 .debug_abbrev  0x0000000000001026      0x273 Drivers/STM32F1xx_HAL_Driver/stm32f1xx_hal_rcc.o
 .debug_abbrev  0x0000000000001299      0x25e Drivers/STM32F1xx_HAL_Driver/stm32f1xx_hal_tim.o
 .debug_abbrev  0x00000000000014f7      0x266 Drivers/STM32F1xx_HAL_Driver/stm32f1xx_hal_tim_ex.o
 .debug_abbrev  0x000000000000175d      0x1d9 mycode/UltrasonicWave.o
 .debug_abbrev  0x0000000000001936      0x109 mycode/keyscan.o
 .debug_abbrev  0x0000000000001a3f      0x235 mycode/motor.o

.debug_aranges  0x0000000000000000      0xa20
 .debug_aranges
                0x0000000000000000       0x28 Application/Startup/startup_stm32f103rctx.o
 .debug_aranges
                0x0000000000000028       0x20 Application/User/gpio.o
 .debug_aranges
                0x0000000000000048       0x40 Application/User/main.o
 .debug_aranges
                0x0000000000000088       0x20 Application/User/stm32f1xx_hal_msp.o
 .debug_aranges
                0x00000000000000a8       0x70 Application/User/stm32f1xx_it.o
 .debug_aranges
                0x0000000000000118       0x40 Application/User/tim.o
 .debug_aranges
                0x0000000000000158       0x28 Drivers/CMSIS/system_stm32f1xx.o
 .debug_aranges
                0x0000000000000180       0xe0 Drivers/STM32F1xx_HAL_Driver/stm32f1xx_hal.o
 .debug_aranges
                0x0000000000000260      0x100 Drivers/STM32F1xx_HAL_Driver/stm32f1xx_hal_cortex.o
 .debug_aranges
                0x0000000000000360       0x58 Drivers/STM32F1xx_HAL_Driver/stm32f1xx_hal_gpio.o
 .debug_aranges
                0x00000000000003b8       0x90 Drivers/STM32F1xx_HAL_Driver/stm32f1xx_hal_rcc.o
 .debug_aranges
                0x0000000000000448      0x3d0 Drivers/STM32F1xx_HAL_Driver/stm32f1xx_hal_tim.o
 .debug_aranges
                0x0000000000000818      0x168 Drivers/STM32F1xx_HAL_Driver/stm32f1xx_hal_tim_ex.o
 .debug_aranges
                0x0000000000000980       0x28 mycode/UltrasonicWave.o
 .debug_aranges
                0x00000000000009a8       0x20 mycode/keyscan.o
 .debug_aranges
                0x00000000000009c8       0x58 mycode/motor.o

.debug_str      0x0000000000000000    0x9659c
 .debug_str     0x0000000000000000       0x6e Application/Startup/startup_stm32f103rctx.o
 .debug_str     0x000000000000006e    0x8fde6 Application/User/gpio.o
                                      0x902f2 (size before relaxing)
 .debug_str     0x000000000008fe54      0x826 Application/User/main.o
                                      0x90760 (size before relaxing)
 .debug_str     0x000000000009067a       0x70 Application/User/stm32f1xx_hal_msp.o
                                      0x8feef (size before relaxing)
 .debug_str     0x00000000000906ea       0xf4 Application/User/stm32f1xx_it.o
                                      0x903fb (size before relaxing)
 .debug_str     0x00000000000907de      0x19d Application/User/tim.o
                                      0x90929 (size before relaxing)
 .debug_str     0x000000000009097b       0x68 Drivers/CMSIS/system_stm32f1xx.o
                                      0x8fbdb (size before relaxing)
 .debug_str     0x00000000000909e3      0x307 Drivers/STM32F1xx_HAL_Driver/stm32f1xx_hal.o
                                      0x90355 (size before relaxing)
 .debug_str     0x0000000000090cea      0x31b Drivers/STM32F1xx_HAL_Driver/stm32f1xx_hal_cortex.o
                                      0x9035d (size before relaxing)
 .debug_str     0x0000000000091005      0x33a Drivers/STM32F1xx_HAL_Driver/stm32f1xx_hal_gpio.o
                                      0x8ffa4 (size before relaxing)
 .debug_str     0x000000000009133f      0x26a Drivers/STM32F1xx_HAL_Driver/stm32f1xx_hal_rcc.o
                                      0x8ffdd (size before relaxing)
 .debug_str     0x00000000000915a9      0xdb1 Drivers/STM32F1xx_HAL_Driver/stm32f1xx_hal_tim.o
                                      0x90faf (size before relaxing)
 .debug_str     0x000000000009235a      0x509 Drivers/STM32F1xx_HAL_Driver/stm32f1xx_hal_tim_ex.o
                                      0x90760 (size before relaxing)
 .debug_str     0x0000000000092863       0x6b mycode/UltrasonicWave.o
                                      0x903eb (size before relaxing)
 .debug_str     0x00000000000928ce       0x1c mycode/keyscan.o
                                      0x9008d (size before relaxing)
 .debug_str     0x00000000000928ea     0x3cb2 mycode/motor.o
                                      0x940e8 (size before relaxing)

.debug_ranges   0x0000000000000000      0x928
 .debug_ranges  0x0000000000000000       0x20 Application/Startup/startup_stm32f103rctx.o
 .debug_ranges  0x0000000000000020       0x10 Application/User/gpio.o
 .debug_ranges  0x0000000000000030       0x30 Application/User/main.o
 .debug_ranges  0x0000000000000060       0x10 Application/User/stm32f1xx_hal_msp.o
 .debug_ranges  0x0000000000000070       0x60 Application/User/stm32f1xx_it.o
 .debug_ranges  0x00000000000000d0       0x30 Application/User/tim.o
 .debug_ranges  0x0000000000000100       0x18 Drivers/CMSIS/system_stm32f1xx.o
 .debug_ranges  0x0000000000000118       0xd0 Drivers/STM32F1xx_HAL_Driver/stm32f1xx_hal.o
 .debug_ranges  0x00000000000001e8       0xf0 Drivers/STM32F1xx_HAL_Driver/stm32f1xx_hal_cortex.o
 .debug_ranges  0x00000000000002d8       0x48 Drivers/STM32F1xx_HAL_Driver/stm32f1xx_hal_gpio.o
 .debug_ranges  0x0000000000000320       0x80 Drivers/STM32F1xx_HAL_Driver/stm32f1xx_hal_rcc.o
 .debug_ranges  0x00000000000003a0      0x3c0 Drivers/STM32F1xx_HAL_Driver/stm32f1xx_hal_tim.o
 .debug_ranges  0x0000000000000760      0x158 Drivers/STM32F1xx_HAL_Driver/stm32f1xx_hal_tim_ex.o
 .debug_ranges  0x00000000000008b8       0x18 mycode/UltrasonicWave.o
 .debug_ranges  0x00000000000008d0       0x10 mycode/keyscan.o
 .debug_ranges  0x00000000000008e0       0x48 mycode/motor.o

.debug_macro    0x0000000000000000    0x1953a
 .debug_macro   0x0000000000000000      0x1b2 Application/User/gpio.o
 .debug_macro   0x00000000000001b2      0xa9c Application/User/gpio.o
 .debug_macro   0x0000000000000c4e      0x215 Application/User/gpio.o
 .debug_macro   0x0000000000000e63       0x2e Application/User/gpio.o
 .debug_macro   0x0000000000000e91       0x22 Application/User/gpio.o
 .debug_macro   0x0000000000000eb3       0x22 Application/User/gpio.o
 .debug_macro   0x0000000000000ed5       0x8e Application/User/gpio.o
 .debug_macro   0x0000000000000f63       0x51 Application/User/gpio.o
 .debug_macro   0x0000000000000fb4      0x103 Application/User/gpio.o
 .debug_macro   0x00000000000010b7       0x6a Application/User/gpio.o
 .debug_macro   0x0000000000001121      0x1df Application/User/gpio.o
 .debug_macro   0x0000000000001300       0x1c Application/User/gpio.o
 .debug_macro   0x000000000000131c       0x22 Application/User/gpio.o
 .debug_macro   0x000000000000133e       0xc3 Application/User/gpio.o
 .debug_macro   0x0000000000001401      0xd23 Application/User/gpio.o
 .debug_macro   0x0000000000002124     0xfd8c Application/User/gpio.o
 .debug_macro   0x0000000000011eb0       0x6d Application/User/gpio.o
 .debug_macro   0x0000000000011f1d     0x3468 Application/User/gpio.o
 .debug_macro   0x0000000000015385      0x174 Application/User/gpio.o
 .debug_macro   0x00000000000154f9       0x5c Application/User/gpio.o
 .debug_macro   0x0000000000015555      0x5be Application/User/gpio.o
 .debug_macro   0x0000000000015b13      0x4d5 Application/User/gpio.o
 .debug_macro   0x0000000000015fe8      0x1cb Application/User/gpio.o
 .debug_macro   0x00000000000161b3      0x114 Application/User/gpio.o
 .debug_macro   0x00000000000162c7      0x1ea Application/User/gpio.o
 .debug_macro   0x00000000000164b1       0x27 Application/User/gpio.o
 .debug_macro   0x00000000000164d8      0x144 Application/User/gpio.o
 .debug_macro   0x000000000001661c      0x1bc Application/User/gpio.o
 .debug_macro   0x00000000000167d8       0x30 Application/User/gpio.o
 .debug_macro   0x0000000000016808       0x3c Application/User/gpio.o
 .debug_macro   0x0000000000016844       0x57 Application/User/gpio.o
 .debug_macro   0x000000000001689b       0x88 Application/User/gpio.o
 .debug_macro   0x0000000000016923      0x24f Application/User/gpio.o
 .debug_macro   0x0000000000016b72      0x141 Application/User/gpio.o
 .debug_macro   0x0000000000016cb3      0x8d1 Application/User/gpio.o
 .debug_macro   0x0000000000017584       0xb5 Application/User/gpio.o
 .debug_macro   0x0000000000017639       0xbe Application/User/gpio.o
 .debug_macro   0x00000000000176f7      0x1c9 Application/User/main.o
 .debug_macro   0x00000000000178c0       0x34 Application/User/main.o
 .debug_macro   0x00000000000178f4      0x1a8 Application/User/stm32f1xx_hal_msp.o
 .debug_macro   0x0000000000017a9c      0x1b2 Application/User/stm32f1xx_it.o
 .debug_macro   0x0000000000017c4e      0x1b2 Application/User/tim.o
 .debug_macro   0x0000000000017e00      0x199 Drivers/CMSIS/system_stm32f1xx.o
 .debug_macro   0x0000000000017f99      0x1bd Drivers/STM32F1xx_HAL_Driver/stm32f1xx_hal.o
 .debug_macro   0x0000000000018156      0x199 Drivers/STM32F1xx_HAL_Driver/stm32f1xx_hal_cortex.o
 .debug_macro   0x00000000000182ef      0x204 Drivers/STM32F1xx_HAL_Driver/stm32f1xx_hal_gpio.o
 .debug_macro   0x00000000000184f3      0x1ab Drivers/STM32F1xx_HAL_Driver/stm32f1xx_hal_rcc.o
 .debug_macro   0x000000000001869e      0x19a Drivers/STM32F1xx_HAL_Driver/stm32f1xx_hal_tim.o
 .debug_macro   0x0000000000018838      0x199 Drivers/STM32F1xx_HAL_Driver/stm32f1xx_hal_tim_ex.o
 .debug_macro   0x00000000000189d1      0x1c0 mycode/UltrasonicWave.o
 .debug_macro   0x0000000000018b91      0x1b7 mycode/keyscan.o
 .debug_macro   0x0000000000018d48       0x2e mycode/keyscan.o
 .debug_macro   0x0000000000018d76      0x262 mycode/motor.o
 .debug_macro   0x0000000000018fd8       0x34 mycode/motor.o
 .debug_macro   0x000000000001900c       0x52 mycode/motor.o
 .debug_macro   0x000000000001905e      0x333 mycode/motor.o
 .debug_macro   0x0000000000019391      0x1a9 mycode/motor.o

.comment        0x0000000000000000       0x53
 .comment       0x0000000000000000       0x53 Application/User/gpio.o
                                         0x54 (size before relaxing)
 .comment       0x0000000000000053       0x54 Application/User/main.o
 .comment       0x0000000000000053       0x54 Application/User/stm32f1xx_hal_msp.o
 .comment       0x0000000000000053       0x54 Application/User/stm32f1xx_it.o
 .comment       0x0000000000000053       0x54 Application/User/tim.o
 .comment       0x0000000000000053       0x54 Drivers/CMSIS/system_stm32f1xx.o
 .comment       0x0000000000000053       0x54 Drivers/STM32F1xx_HAL_Driver/stm32f1xx_hal.o
 .comment       0x0000000000000053       0x54 Drivers/STM32F1xx_HAL_Driver/stm32f1xx_hal_cortex.o
 .comment       0x0000000000000053       0x54 Drivers/STM32F1xx_HAL_Driver/stm32f1xx_hal_gpio.o
 .comment       0x0000000000000053       0x54 Drivers/STM32F1xx_HAL_Driver/stm32f1xx_hal_rcc.o
 .comment       0x0000000000000053       0x54 Drivers/STM32F1xx_HAL_Driver/stm32f1xx_hal_tim.o
 .comment       0x0000000000000053       0x54 Drivers/STM32F1xx_HAL_Driver/stm32f1xx_hal_tim_ex.o
 .comment       0x0000000000000053       0x54 mycode/UltrasonicWave.o
 .comment       0x0000000000000053       0x54 mycode/keyscan.o
 .comment       0x0000000000000053       0x54 mycode/motor.o

.debug_frame    0x0000000000000000     0x29a8
 .debug_frame   0x0000000000000000       0x34 Application/User/gpio.o
 .debug_frame   0x0000000000000034       0xb8 Application/User/main.o
 .debug_frame   0x00000000000000ec       0x38 Application/User/stm32f1xx_hal_msp.o
 .debug_frame   0x0000000000000124      0x13c Application/User/stm32f1xx_it.o
 .debug_frame   0x0000000000000260       0xc4 Application/User/tim.o
 .debug_frame   0x0000000000000324       0x58 Drivers/CMSIS/system_stm32f1xx.o
 .debug_frame   0x000000000000037c      0x334 Drivers/STM32F1xx_HAL_Driver/stm32f1xx_hal.o
 .debug_frame   0x00000000000006b0      0x428 Drivers/STM32F1xx_HAL_Driver/stm32f1xx_hal_cortex.o
 .debug_frame   0x0000000000000ad8      0x14c Drivers/STM32F1xx_HAL_Driver/stm32f1xx_hal_gpio.o
 .debug_frame   0x0000000000000c24      0x21c Drivers/STM32F1xx_HAL_Driver/stm32f1xx_hal_rcc.o
 .debug_frame   0x0000000000000e40     0x11bc Drivers/STM32F1xx_HAL_Driver/stm32f1xx_hal_tim.o
 .debug_frame   0x0000000000001ffc      0x638 Drivers/STM32F1xx_HAL_Driver/stm32f1xx_hal_tim_ex.o
 .debug_frame   0x0000000000002634       0x58 mycode/UltrasonicWave.o
 .debug_frame   0x000000000000268c       0x34 mycode/keyscan.o
 .debug_frame   0x00000000000026c0      0x134 mycode/motor.o
 .debug_frame   0x00000000000027f4       0x2c d:/software/stm32cubeide/stm32cubeide_1.5.0/stm32cubeide/plugins/com.st.stm32cube.ide.mcu.externaltools.gnu-tools-for-stm32.9-2020-q2-update.win32_1.5.0.202011040924/tools/bin/../lib/gcc/arm-none-eabi/9.3.1/../../../../arm-none-eabi/lib/thumb/v7-m/nofp\libc_nano.a(lib_a-init.o)
 .debug_frame   0x0000000000002820       0x20 d:/software/stm32cubeide/stm32cubeide_1.5.0/stm32cubeide/plugins/com.st.stm32cube.ide.mcu.externaltools.gnu-tools-for-stm32.9-2020-q2-update.win32_1.5.0.202011040924/tools/bin/../lib/gcc/arm-none-eabi/9.3.1/../../../../arm-none-eabi/lib/thumb/v7-m/nofp\libc_nano.a(lib_a-memset.o)
 .debug_frame   0x0000000000002840       0x24 d:/software/stm32cubeide/stm32cubeide_1.5.0/stm32cubeide/plugins/com.st.stm32cube.ide.mcu.externaltools.gnu-tools-for-stm32.9-2020-q2-update.win32_1.5.0.202011040924/tools/bin/../lib/gcc/arm-none-eabi/9.3.1/thumb/v7-m/nofp\libgcc.a(_arm_mulsf3.o)
 .debug_frame   0x0000000000002864       0xac d:/software/stm32cubeide/stm32cubeide_1.5.0/stm32cubeide/plugins/com.st.stm32cube.ide.mcu.externaltools.gnu-tools-for-stm32.9-2020-q2-update.win32_1.5.0.202011040924/tools/bin/../lib/gcc/arm-none-eabi/9.3.1/thumb/v7-m/nofp\libgcc.a(_arm_addsubdf3.o)
 .debug_frame   0x0000000000002910       0x50 d:/software/stm32cubeide/stm32cubeide_1.5.0/stm32cubeide/plugins/com.st.stm32cube.ide.mcu.externaltools.gnu-tools-for-stm32.9-2020-q2-update.win32_1.5.0.202011040924/tools/bin/../lib/gcc/arm-none-eabi/9.3.1/thumb/v7-m/nofp\libgcc.a(_arm_muldivdf3.o)
 .debug_frame   0x0000000000002960       0x24 d:/software/stm32cubeide/stm32cubeide_1.5.0/stm32cubeide/plugins/com.st.stm32cube.ide.mcu.externaltools.gnu-tools-for-stm32.9-2020-q2-update.win32_1.5.0.202011040924/tools/bin/../lib/gcc/arm-none-eabi/9.3.1/thumb/v7-m/nofp\libgcc.a(_arm_fixdfsi.o)
 .debug_frame   0x0000000000002984       0x24 d:/software/stm32cubeide/stm32cubeide_1.5.0/stm32cubeide/plugins/com.st.stm32cube.ide.mcu.externaltools.gnu-tools-for-stm32.9-2020-q2-update.win32_1.5.0.202011040924/tools/bin/../lib/gcc/arm-none-eabi/9.3.1/thumb/v7-m/nofp\libgcc.a(_arm_fixsfsi.o)
