Archive member included to satisfy reference by file (symbol)

d:/software/stm32cubeide/stm32cubeide_1.5.0/stm32cubeide/plugins/com.st.stm32cube.ide.mcu.externaltools.gnu-tools-for-stm32.9-2020-q2-update.win32_1.5.0.202011040924/tools/bin/../lib/gcc/arm-none-eabi/9.3.1/../../../../arm-none-eabi/lib/thumb/v7-m/nofp\libc_nano.a(lib_a-exit.o)
                              d:/software/stm32cubeide/stm32cubeide_1.5.0/stm32cubeide/plugins/com.st.stm32cube.ide.mcu.externaltools.gnu-tools-for-stm32.9-2020-q2-update.win32_1.5.0.202011040924/tools/bin/../lib/gcc/arm-none-eabi/9.3.1/../../../../arm-none-eabi/lib/thumb/v7-m/nofp/crt0.o (exit)
d:/software/stm32cubeide/stm32cubeide_1.5.0/stm32cubeide/plugins/com.st.stm32cube.ide.mcu.externaltools.gnu-tools-for-stm32.9-2020-q2-update.win32_1.5.0.202011040924/tools/bin/../lib/gcc/arm-none-eabi/9.3.1/../../../../arm-none-eabi/lib/thumb/v7-m/nofp\libc_nano.a(lib_a-impure.o)
                              d:/software/stm32cubeide/stm32cubeide_1.5.0/stm32cubeide/plugins/com.st.stm32cube.ide.mcu.externaltools.gnu-tools-for-stm32.9-2020-q2-update.win32_1.5.0.202011040924/tools/bin/../lib/gcc/arm-none-eabi/9.3.1/../../../../arm-none-eabi/lib/thumb/v7-m/nofp\libc_nano.a(lib_a-exit.o) (_global_impure_ptr)
d:/software/stm32cubeide/stm32cubeide_1.5.0/stm32cubeide/plugins/com.st.stm32cube.ide.mcu.externaltools.gnu-tools-for-stm32.9-2020-q2-update.win32_1.5.0.202011040924/tools/bin/../lib/gcc/arm-none-eabi/9.3.1/../../../../arm-none-eabi/lib/thumb/v7-m/nofp\libc_nano.a(lib_a-init.o)
                              d:/software/stm32cubeide/stm32cubeide_1.5.0/stm32cubeide/plugins/com.st.stm32cube.ide.mcu.externaltools.gnu-tools-for-stm32.9-2020-q2-update.win32_1.5.0.202011040924/tools/bin/../lib/gcc/arm-none-eabi/9.3.1/../../../../arm-none-eabi/lib/thumb/v7-m/nofp/crt0.o (__libc_init_array)
d:/software/stm32cubeide/stm32cubeide_1.5.0/stm32cubeide/plugins/com.st.stm32cube.ide.mcu.externaltools.gnu-tools-for-stm32.9-2020-q2-update.win32_1.5.0.202011040924/tools/bin/../lib/gcc/arm-none-eabi/9.3.1/../../../../arm-none-eabi/lib/thumb/v7-m/nofp\libc_nano.a(lib_a-memset.o)
                              d:/software/stm32cubeide/stm32cubeide_1.5.0/stm32cubeide/plugins/com.st.stm32cube.ide.mcu.externaltools.gnu-tools-for-stm32.9-2020-q2-update.win32_1.5.0.202011040924/tools/bin/../lib/gcc/arm-none-eabi/9.3.1/../../../../arm-none-eabi/lib/thumb/v7-m/nofp/crt0.o (memset)
d:/software/stm32cubeide/stm32cubeide_1.5.0/stm32cubeide/plugins/com.st.stm32cube.ide.mcu.externaltools.gnu-tools-for-stm32.9-2020-q2-update.win32_1.5.0.202011040924/tools/bin/../lib/gcc/arm-none-eabi/9.3.1/thumb/v7-m/nofp\libgcc.a(_arm_muldf3.o)
                              mycode/motor.o (__aeabi_dmul)
d:/software/stm32cubeide/stm32cubeide_1.5.0/stm32cubeide/plugins/com.st.stm32cube.ide.mcu.externaltools.gnu-tools-for-stm32.9-2020-q2-update.win32_1.5.0.202011040924/tools/bin/../lib/gcc/arm-none-eabi/9.3.1/thumb/v7-m/nofp\libgcc.a(_arm_addsubdf3.o)
                              mycode/motor.o (__aeabi_dsub)
d:/software/stm32cubeide/stm32cubeide_1.5.0/stm32cubeide/plugins/com.st.stm32cube.ide.mcu.externaltools.gnu-tools-for-stm32.9-2020-q2-update.win32_1.5.0.202011040924/tools/bin/../lib/gcc/arm-none-eabi/9.3.1/thumb/v7-m/nofp\libgcc.a(_arm_fixdfsi.o)
                              mycode/motor.o (__aeabi_d2iz)
d:/software/stm32cubeide/stm32cubeide_1.5.0/stm32cubeide/plugins/com.st.stm32cube.ide.mcu.externaltools.gnu-tools-for-stm32.9-2020-q2-update.win32_1.5.0.202011040924/tools/bin/../lib/gcc/arm-none-eabi/9.3.1/../../../../arm-none-eabi/lib/thumb/v7-m/nofp\libnosys.a(_exit.o)
                              d:/software/stm32cubeide/stm32cubeide_1.5.0/stm32cubeide/plugins/com.st.stm32cube.ide.mcu.externaltools.gnu-tools-for-stm32.9-2020-q2-update.win32_1.5.0.202011040924/tools/bin/../lib/gcc/arm-none-eabi/9.3.1/../../../../arm-none-eabi/lib/thumb/v7-m/nofp\libc_nano.a(lib_a-exit.o) (_exit)

Allocating common symbols
Common symbol       size              file

SL_2                0x4               mycode/IRAvoid.o
SR_2                0x4               mycode/IRAvoid.o

Discarded input sections

 .text          0x0000000000000000        0x0 d:/software/stm32cubeide/stm32cubeide_1.5.0/stm32cubeide/plugins/com.st.stm32cube.ide.mcu.externaltools.gnu-tools-for-stm32.9-2020-q2-update.win32_1.5.0.202011040924/tools/bin/../lib/gcc/arm-none-eabi/9.3.1/thumb/v7-m/nofp/crti.o
 .data          0x0000000000000000        0x0 d:/software/stm32cubeide/stm32cubeide_1.5.0/stm32cubeide/plugins/com.st.stm32cube.ide.mcu.externaltools.gnu-tools-for-stm32.9-2020-q2-update.win32_1.5.0.202011040924/tools/bin/../lib/gcc/arm-none-eabi/9.3.1/thumb/v7-m/nofp/crti.o
 .bss           0x0000000000000000        0x0 d:/software/stm32cubeide/stm32cubeide_1.5.0/stm32cubeide/plugins/com.st.stm32cube.ide.mcu.externaltools.gnu-tools-for-stm32.9-2020-q2-update.win32_1.5.0.202011040924/tools/bin/../lib/gcc/arm-none-eabi/9.3.1/thumb/v7-m/nofp/crti.o
 .data          0x0000000000000000        0x4 d:/software/stm32cubeide/stm32cubeide_1.5.0/stm32cubeide/plugins/com.st.stm32cube.ide.mcu.externaltools.gnu-tools-for-stm32.9-2020-q2-update.win32_1.5.0.202011040924/tools/bin/../lib/gcc/arm-none-eabi/9.3.1/thumb/v7-m/nofp/crtbegin.o
 .text          0x0000000000000000       0x7c d:/software/stm32cubeide/stm32cubeide_1.5.0/stm32cubeide/plugins/com.st.stm32cube.ide.mcu.externaltools.gnu-tools-for-stm32.9-2020-q2-update.win32_1.5.0.202011040924/tools/bin/../lib/gcc/arm-none-eabi/9.3.1/../../../../arm-none-eabi/lib/thumb/v7-m/nofp/crt0.o
 .data          0x0000000000000000        0x0 d:/software/stm32cubeide/stm32cubeide_1.5.0/stm32cubeide/plugins/com.st.stm32cube.ide.mcu.externaltools.gnu-tools-for-stm32.9-2020-q2-update.win32_1.5.0.202011040924/tools/bin/../lib/gcc/arm-none-eabi/9.3.1/../../../../arm-none-eabi/lib/thumb/v7-m/nofp/crt0.o
 .bss           0x0000000000000000        0x0 d:/software/stm32cubeide/stm32cubeide_1.5.0/stm32cubeide/plugins/com.st.stm32cube.ide.mcu.externaltools.gnu-tools-for-stm32.9-2020-q2-update.win32_1.5.0.202011040924/tools/bin/../lib/gcc/arm-none-eabi/9.3.1/../../../../arm-none-eabi/lib/thumb/v7-m/nofp/crt0.o
 .ARM.extab     0x0000000000000000        0x0 d:/software/stm32cubeide/stm32cubeide_1.5.0/stm32cubeide/plugins/com.st.stm32cube.ide.mcu.externaltools.gnu-tools-for-stm32.9-2020-q2-update.win32_1.5.0.202011040924/tools/bin/../lib/gcc/arm-none-eabi/9.3.1/../../../../arm-none-eabi/lib/thumb/v7-m/nofp/crt0.o
 .ARM.exidx     0x0000000000000000       0x10 d:/software/stm32cubeide/stm32cubeide_1.5.0/stm32cubeide/plugins/com.st.stm32cube.ide.mcu.externaltools.gnu-tools-for-stm32.9-2020-q2-update.win32_1.5.0.202011040924/tools/bin/../lib/gcc/arm-none-eabi/9.3.1/../../../../arm-none-eabi/lib/thumb/v7-m/nofp/crt0.o
 .ARM.attributes
                0x0000000000000000       0x1b d:/software/stm32cubeide/stm32cubeide_1.5.0/stm32cubeide/plugins/com.st.stm32cube.ide.mcu.externaltools.gnu-tools-for-stm32.9-2020-q2-update.win32_1.5.0.202011040924/tools/bin/../lib/gcc/arm-none-eabi/9.3.1/../../../../arm-none-eabi/lib/thumb/v7-m/nofp/crt0.o
 .group         0x0000000000000000        0xc mycode/IRAvoid.o
 .group         0x0000000000000000        0xc mycode/IRAvoid.o
 .group         0x0000000000000000        0xc mycode/IRAvoid.o
 .group         0x0000000000000000        0xc mycode/IRAvoid.o
 .group         0x0000000000000000        0xc mycode/IRAvoid.o
 .group         0x0000000000000000        0xc mycode/IRAvoid.o
 .group         0x0000000000000000        0xc mycode/IRAvoid.o
 .group         0x0000000000000000        0xc mycode/IRAvoid.o
 .group         0x0000000000000000        0xc mycode/IRAvoid.o
 .group         0x0000000000000000        0xc mycode/IRAvoid.o
 .group         0x0000000000000000        0xc mycode/IRAvoid.o
 .group         0x0000000000000000        0xc mycode/IRAvoid.o
 .group         0x0000000000000000        0xc mycode/IRAvoid.o
 .group         0x0000000000000000        0xc mycode/IRAvoid.o
 .group         0x0000000000000000        0xc mycode/IRAvoid.o
 .group         0x0000000000000000        0xc mycode/IRAvoid.o
 .group         0x0000000000000000        0xc mycode/IRAvoid.o
 .group         0x0000000000000000        0xc mycode/IRAvoid.o
 .group         0x0000000000000000        0xc mycode/IRAvoid.o
 .group         0x0000000000000000        0xc mycode/IRAvoid.o
 .group         0x0000000000000000        0xc mycode/IRAvoid.o
 .group         0x0000000000000000        0xc mycode/IRAvoid.o
 .group         0x0000000000000000        0xc mycode/IRAvoid.o
 .group         0x0000000000000000        0xc mycode/IRAvoid.o
 .group         0x0000000000000000        0xc mycode/IRAvoid.o
 .group         0x0000000000000000        0xc mycode/IRAvoid.o
 .group         0x0000000000000000        0xc mycode/IRAvoid.o
 .group         0x0000000000000000        0xc mycode/IRAvoid.o
 .group         0x0000000000000000        0xc mycode/IRAvoid.o
 .group         0x0000000000000000        0xc mycode/IRAvoid.o
 .group         0x0000000000000000        0xc mycode/IRAvoid.o
 .group         0x0000000000000000        0xc mycode/IRAvoid.o
 .group         0x0000000000000000        0xc mycode/IRAvoid.o
 .group         0x0000000000000000        0xc mycode/IRAvoid.o
 .group         0x0000000000000000        0xc mycode/IRAvoid.o
 .group         0x0000000000000000        0xc mycode/IRAvoid.o
 .group         0x0000000000000000        0xc mycode/IRAvoid.o
 .group         0x0000000000000000        0xc mycode/IRAvoid.o
 .group         0x0000000000000000        0xc mycode/IRAvoid.o
 .text          0x0000000000000000        0x0 mycode/IRAvoid.o
 .data          0x0000000000000000        0x0 mycode/IRAvoid.o
 .bss           0x0000000000000000        0x0 mycode/IRAvoid.o
 .text.AVoidRun
                0x0000000000000000       0xd8 mycode/IRAvoid.o
 .debug_info    0x0000000000000000      0x263 mycode/IRAvoid.o
 .debug_abbrev  0x0000000000000000      0x10b mycode/IRAvoid.o
 .debug_aranges
                0x0000000000000000       0x20 mycode/IRAvoid.o
 .debug_ranges  0x0000000000000000       0x10 mycode/IRAvoid.o
 .debug_macro   0x0000000000000000      0x1c9 mycode/IRAvoid.o
 .debug_macro   0x0000000000000000      0xa9c mycode/IRAvoid.o
 .debug_macro   0x0000000000000000      0x215 mycode/IRAvoid.o
 .debug_macro   0x0000000000000000       0x2e mycode/IRAvoid.o
 .debug_macro   0x0000000000000000       0x22 mycode/IRAvoid.o
 .debug_macro   0x0000000000000000       0x22 mycode/IRAvoid.o
 .debug_macro   0x0000000000000000       0x8e mycode/IRAvoid.o
 .debug_macro   0x0000000000000000       0x51 mycode/IRAvoid.o
 .debug_macro   0x0000000000000000      0x103 mycode/IRAvoid.o
 .debug_macro   0x0000000000000000       0x6a mycode/IRAvoid.o
 .debug_macro   0x0000000000000000      0x1df mycode/IRAvoid.o
 .debug_macro   0x0000000000000000       0x1c mycode/IRAvoid.o
 .debug_macro   0x0000000000000000       0x22 mycode/IRAvoid.o
 .debug_macro   0x0000000000000000       0xc3 mycode/IRAvoid.o
 .debug_macro   0x0000000000000000      0xd23 mycode/IRAvoid.o
 .debug_macro   0x0000000000000000     0xfd8c mycode/IRAvoid.o
 .debug_macro   0x0000000000000000       0x6d mycode/IRAvoid.o
 .debug_macro   0x0000000000000000     0x3468 mycode/IRAvoid.o
 .debug_macro   0x0000000000000000      0x174 mycode/IRAvoid.o
 .debug_macro   0x0000000000000000       0x5c mycode/IRAvoid.o
 .debug_macro   0x0000000000000000      0x5be mycode/IRAvoid.o
 .debug_macro   0x0000000000000000      0x4d5 mycode/IRAvoid.o
 .debug_macro   0x0000000000000000      0x1cb mycode/IRAvoid.o
 .debug_macro   0x0000000000000000      0x114 mycode/IRAvoid.o
 .debug_macro   0x0000000000000000      0x1ea mycode/IRAvoid.o
 .debug_macro   0x0000000000000000       0x27 mycode/IRAvoid.o
 .debug_macro   0x0000000000000000      0x144 mycode/IRAvoid.o
 .debug_macro   0x0000000000000000      0x1bc mycode/IRAvoid.o
 .debug_macro   0x0000000000000000       0x30 mycode/IRAvoid.o
 .debug_macro   0x0000000000000000       0x3c mycode/IRAvoid.o
 .debug_macro   0x0000000000000000       0x57 mycode/IRAvoid.o
 .debug_macro   0x0000000000000000       0x88 mycode/IRAvoid.o
 .debug_macro   0x0000000000000000      0x24f mycode/IRAvoid.o
 .debug_macro   0x0000000000000000      0x141 mycode/IRAvoid.o
 .debug_macro   0x0000000000000000      0x8d1 mycode/IRAvoid.o
 .debug_macro   0x0000000000000000       0xb5 mycode/IRAvoid.o
 .debug_macro   0x0000000000000000       0xa0 mycode/IRAvoid.o
 .debug_macro   0x0000000000000000       0x1c mycode/IRAvoid.o
 .debug_macro   0x0000000000000000       0x3a mycode/IRAvoid.o
 .debug_macro   0x0000000000000000       0x34 mycode/IRAvoid.o
 .debug_line    0x0000000000000000      0x776 mycode/IRAvoid.o
 .debug_str     0x0000000000000000    0x90402 mycode/IRAvoid.o
 .comment       0x0000000000000000       0x54 mycode/IRAvoid.o
 .debug_frame   0x0000000000000000       0x2c mycode/IRAvoid.o
 .ARM.attributes
                0x0000000000000000       0x2d mycode/IRAvoid.o
 COMMON         0x0000000000000000        0x8 mycode/IRAvoid.o
 .group         0x0000000000000000        0xc mycode/IRSEARCH.o
 .group         0x0000000000000000        0xc mycode/IRSEARCH.o
 .group         0x0000000000000000        0xc mycode/IRSEARCH.o
 .group         0x0000000000000000        0xc mycode/IRSEARCH.o
 .group         0x0000000000000000        0xc mycode/IRSEARCH.o
 .group         0x0000000000000000        0xc mycode/IRSEARCH.o
 .group         0x0000000000000000        0xc mycode/IRSEARCH.o
 .group         0x0000000000000000        0xc mycode/IRSEARCH.o
 .group         0x0000000000000000        0xc mycode/IRSEARCH.o
 .group         0x0000000000000000        0xc mycode/IRSEARCH.o
 .group         0x0000000000000000        0xc mycode/IRSEARCH.o
 .group         0x0000000000000000        0xc mycode/IRSEARCH.o
 .group         0x0000000000000000        0xc mycode/IRSEARCH.o
 .group         0x0000000000000000        0xc mycode/IRSEARCH.o
 .group         0x0000000000000000        0xc mycode/IRSEARCH.o
 .group         0x0000000000000000        0xc mycode/IRSEARCH.o
 .group         0x0000000000000000        0xc mycode/IRSEARCH.o
 .group         0x0000000000000000        0xc mycode/IRSEARCH.o
 .group         0x0000000000000000        0xc mycode/IRSEARCH.o
 .group         0x0000000000000000        0xc mycode/IRSEARCH.o
 .group         0x0000000000000000        0xc mycode/IRSEARCH.o
 .group         0x0000000000000000        0xc mycode/IRSEARCH.o
 .group         0x0000000000000000        0xc mycode/IRSEARCH.o
 .group         0x0000000000000000        0xc mycode/IRSEARCH.o
 .group         0x0000000000000000        0xc mycode/IRSEARCH.o
 .group         0x0000000000000000        0xc mycode/IRSEARCH.o
 .group         0x0000000000000000        0xc mycode/IRSEARCH.o
 .group         0x0000000000000000        0xc mycode/IRSEARCH.o
 .group         0x0000000000000000        0xc mycode/IRSEARCH.o
 .group         0x0000000000000000        0xc mycode/IRSEARCH.o
 .group         0x0000000000000000        0xc mycode/IRSEARCH.o
 .group         0x0000000000000000        0xc mycode/IRSEARCH.o
 .group         0x0000000000000000        0xc mycode/IRSEARCH.o
 .group         0x0000000000000000        0xc mycode/IRSEARCH.o
 .group         0x0000000000000000        0xc mycode/IRSEARCH.o
 .group         0x0000000000000000        0xc mycode/IRSEARCH.o
 .group         0x0000000000000000        0xc mycode/IRSEARCH.o
 .group         0x0000000000000000        0xc mycode/IRSEARCH.o
 .text          0x0000000000000000        0x0 mycode/IRSEARCH.o
 .data          0x0000000000000000        0x0 mycode/IRSEARCH.o
 .bss           0x0000000000000000        0x0 mycode/IRSEARCH.o
 .data.ctrl_comm
                0x0000000000000000        0x1 mycode/IRSEARCH.o
 .data.ctrl_comm_last
                0x0000000000000000        0x1 mycode/IRSEARCH.o
 .text.SearchRun
                0x0000000000000000      0x10c mycode/IRSEARCH.o
 .debug_info    0x0000000000000000      0x24f mycode/IRSEARCH.o
 .debug_abbrev  0x0000000000000000      0x10b mycode/IRSEARCH.o
 .debug_aranges
                0x0000000000000000       0x20 mycode/IRSEARCH.o
 .debug_ranges  0x0000000000000000       0x10 mycode/IRSEARCH.o
 .debug_macro   0x0000000000000000      0x1c0 mycode/IRSEARCH.o
 .debug_macro   0x0000000000000000      0xa9c mycode/IRSEARCH.o
 .debug_macro   0x0000000000000000      0x215 mycode/IRSEARCH.o
 .debug_macro   0x0000000000000000       0x2e mycode/IRSEARCH.o
 .debug_macro   0x0000000000000000       0x22 mycode/IRSEARCH.o
 .debug_macro   0x0000000000000000       0x22 mycode/IRSEARCH.o
 .debug_macro   0x0000000000000000       0x8e mycode/IRSEARCH.o
 .debug_macro   0x0000000000000000       0x51 mycode/IRSEARCH.o
 .debug_macro   0x0000000000000000      0x103 mycode/IRSEARCH.o
 .debug_macro   0x0000000000000000       0x6a mycode/IRSEARCH.o
 .debug_macro   0x0000000000000000      0x1df mycode/IRSEARCH.o
 .debug_macro   0x0000000000000000       0x1c mycode/IRSEARCH.o
 .debug_macro   0x0000000000000000       0x22 mycode/IRSEARCH.o
 .debug_macro   0x0000000000000000       0xc3 mycode/IRSEARCH.o
 .debug_macro   0x0000000000000000      0xd23 mycode/IRSEARCH.o
 .debug_macro   0x0000000000000000     0xfd8c mycode/IRSEARCH.o
 .debug_macro   0x0000000000000000       0x6d mycode/IRSEARCH.o
 .debug_macro   0x0000000000000000     0x3468 mycode/IRSEARCH.o
 .debug_macro   0x0000000000000000      0x174 mycode/IRSEARCH.o
 .debug_macro   0x0000000000000000       0x5c mycode/IRSEARCH.o
 .debug_macro   0x0000000000000000      0x5be mycode/IRSEARCH.o
 .debug_macro   0x0000000000000000      0x4d5 mycode/IRSEARCH.o
 .debug_macro   0x0000000000000000      0x1cb mycode/IRSEARCH.o
 .debug_macro   0x0000000000000000      0x114 mycode/IRSEARCH.o
 .debug_macro   0x0000000000000000      0x1ea mycode/IRSEARCH.o
 .debug_macro   0x0000000000000000       0x27 mycode/IRSEARCH.o
 .debug_macro   0x0000000000000000      0x144 mycode/IRSEARCH.o
 .debug_macro   0x0000000000000000      0x1bc mycode/IRSEARCH.o
 .debug_macro   0x0000000000000000       0x30 mycode/IRSEARCH.o
 .debug_macro   0x0000000000000000       0x3c mycode/IRSEARCH.o
 .debug_macro   0x0000000000000000       0x57 mycode/IRSEARCH.o
 .debug_macro   0x0000000000000000       0x88 mycode/IRSEARCH.o
 .debug_macro   0x0000000000000000      0x24f mycode/IRSEARCH.o
 .debug_macro   0x0000000000000000      0x141 mycode/IRSEARCH.o
 .debug_macro   0x0000000000000000      0x8d1 mycode/IRSEARCH.o
 .debug_macro   0x0000000000000000       0xb5 mycode/IRSEARCH.o
 .debug_macro   0x0000000000000000       0xa0 mycode/IRSEARCH.o
 .debug_macro   0x0000000000000000       0x3a mycode/IRSEARCH.o
 .debug_macro   0x0000000000000000       0x3a mycode/IRSEARCH.o
 .debug_line    0x0000000000000000      0x78c mycode/IRSEARCH.o
 .debug_str     0x0000000000000000    0x90240 mycode/IRSEARCH.o
 .comment       0x0000000000000000       0x54 mycode/IRSEARCH.o
 .debug_frame   0x0000000000000000       0x2c mycode/IRSEARCH.o
 .ARM.attributes
                0x0000000000000000       0x2d mycode/IRSEARCH.o
 .group         0x0000000000000000        0xc mycode/keyscan.o
 .group         0x0000000000000000        0xc mycode/keyscan.o
 .group         0x0000000000000000        0xc mycode/keyscan.o
 .group         0x0000000000000000        0xc mycode/keyscan.o
 .group         0x0000000000000000        0xc mycode/keyscan.o
 .group         0x0000000000000000        0xc mycode/keyscan.o
 .group         0x0000000000000000        0xc mycode/keyscan.o
 .group         0x0000000000000000        0xc mycode/keyscan.o
 .group         0x0000000000000000        0xc mycode/keyscan.o
 .group         0x0000000000000000        0xc mycode/keyscan.o
 .group         0x0000000000000000        0xc mycode/keyscan.o
 .group         0x0000000000000000        0xc mycode/keyscan.o
 .group         0x0000000000000000        0xc mycode/keyscan.o
 .group         0x0000000000000000        0xc mycode/keyscan.o
 .group         0x0000000000000000        0xc mycode/keyscan.o
 .group         0x0000000000000000        0xc mycode/keyscan.o
 .group         0x0000000000000000        0xc mycode/keyscan.o
 .group         0x0000000000000000        0xc mycode/keyscan.o
 .group         0x0000000000000000        0xc mycode/keyscan.o
 .group         0x0000000000000000        0xc mycode/keyscan.o
 .group         0x0000000000000000        0xc mycode/keyscan.o
 .group         0x0000000000000000        0xc mycode/keyscan.o
 .group         0x0000000000000000        0xc mycode/keyscan.o
 .group         0x0000000000000000        0xc mycode/keyscan.o
 .group         0x0000000000000000        0xc mycode/keyscan.o
 .group         0x0000000000000000        0xc mycode/keyscan.o
 .group         0x0000000000000000        0xc mycode/keyscan.o
 .group         0x0000000000000000        0xc mycode/keyscan.o
 .group         0x0000000000000000        0xc mycode/keyscan.o
 .group         0x0000000000000000        0xc mycode/keyscan.o
 .group         0x0000000000000000        0xc mycode/keyscan.o
 .group         0x0000000000000000        0xc mycode/keyscan.o
 .group         0x0000000000000000        0xc mycode/keyscan.o
 .group         0x0000000000000000        0xc mycode/keyscan.o
 .group         0x0000000000000000        0xc mycode/keyscan.o
 .group         0x0000000000000000        0xc mycode/keyscan.o
 .group         0x0000000000000000        0xc mycode/keyscan.o
 .text          0x0000000000000000        0x0 mycode/keyscan.o
 .data          0x0000000000000000        0x0 mycode/keyscan.o
 .bss           0x0000000000000000        0x0 mycode/keyscan.o
 .text.keyscan  0x0000000000000000       0x88 mycode/keyscan.o
 .debug_info    0x0000000000000000      0x24f mycode/keyscan.o
 .debug_abbrev  0x0000000000000000      0x109 mycode/keyscan.o
 .debug_aranges
                0x0000000000000000       0x20 mycode/keyscan.o
 .debug_ranges  0x0000000000000000       0x10 mycode/keyscan.o
 .debug_macro   0x0000000000000000      0x1b7 mycode/keyscan.o
 .debug_macro   0x0000000000000000      0xa9c mycode/keyscan.o
 .debug_macro   0x0000000000000000      0x215 mycode/keyscan.o
 .debug_macro   0x0000000000000000       0x2e mycode/keyscan.o
 .debug_macro   0x0000000000000000       0x22 mycode/keyscan.o
 .debug_macro   0x0000000000000000       0x22 mycode/keyscan.o
 .debug_macro   0x0000000000000000       0x8e mycode/keyscan.o
 .debug_macro   0x0000000000000000       0x51 mycode/keyscan.o
 .debug_macro   0x0000000000000000      0x103 mycode/keyscan.o
 .debug_macro   0x0000000000000000       0x6a mycode/keyscan.o
 .debug_macro   0x0000000000000000      0x1df mycode/keyscan.o
 .debug_macro   0x0000000000000000       0x1c mycode/keyscan.o
 .debug_macro   0x0000000000000000       0x22 mycode/keyscan.o
 .debug_macro   0x0000000000000000       0xc3 mycode/keyscan.o
 .debug_macro   0x0000000000000000      0xd23 mycode/keyscan.o
 .debug_macro   0x0000000000000000     0xfd8c mycode/keyscan.o
 .debug_macro   0x0000000000000000       0x6d mycode/keyscan.o
 .debug_macro   0x0000000000000000     0x3468 mycode/keyscan.o
 .debug_macro   0x0000000000000000      0x174 mycode/keyscan.o
 .debug_macro   0x0000000000000000       0x5c mycode/keyscan.o
 .debug_macro   0x0000000000000000      0x5be mycode/keyscan.o
 .debug_macro   0x0000000000000000      0x4d5 mycode/keyscan.o
 .debug_macro   0x0000000000000000      0x1cb mycode/keyscan.o
 .debug_macro   0x0000000000000000      0x114 mycode/keyscan.o
 .debug_macro   0x0000000000000000      0x1ea mycode/keyscan.o
 .debug_macro   0x0000000000000000       0x27 mycode/keyscan.o
 .debug_macro   0x0000000000000000      0x144 mycode/keyscan.o
 .debug_macro   0x0000000000000000      0x1bc mycode/keyscan.o
 .debug_macro   0x0000000000000000       0x30 mycode/keyscan.o
 .debug_macro   0x0000000000000000       0x3c mycode/keyscan.o
 .debug_macro   0x0000000000000000       0x57 mycode/keyscan.o
 .debug_macro   0x0000000000000000       0x88 mycode/keyscan.o
 .debug_macro   0x0000000000000000      0x24f mycode/keyscan.o
 .debug_macro   0x0000000000000000      0x141 mycode/keyscan.o
 .debug_macro   0x0000000000000000      0x8d1 mycode/keyscan.o
 .debug_macro   0x0000000000000000       0xb5 mycode/keyscan.o
 .debug_macro   0x0000000000000000       0xa0 mycode/keyscan.o
 .debug_macro   0x0000000000000000       0x2e mycode/keyscan.o
 .debug_line    0x0000000000000000      0x741 mycode/keyscan.o
 .debug_str     0x0000000000000000    0x90021 mycode/keyscan.o
 .comment       0x0000000000000000       0x54 mycode/keyscan.o
 .debug_frame   0x0000000000000000       0x34 mycode/keyscan.o
 .ARM.attributes
                0x0000000000000000       0x2d mycode/keyscan.o
 .group         0x0000000000000000        0xc mycode/motor.o
 .group         0x0000000000000000        0xc mycode/motor.o
 .group         0x0000000000000000        0xc mycode/motor.o
 .group         0x0000000000000000        0xc mycode/motor.o
 .group         0x0000000000000000        0xc mycode/motor.o
 .group         0x0000000000000000        0xc mycode/motor.o
 .group         0x0000000000000000        0xc mycode/motor.o
 .group         0x0000000000000000        0xc mycode/motor.o
 .group         0x0000000000000000        0xc mycode/motor.o
 .group         0x0000000000000000        0xc mycode/motor.o
 .group         0x0000000000000000        0xc mycode/motor.o
 .group         0x0000000000000000        0xc mycode/motor.o
 .group         0x0000000000000000        0xc mycode/motor.o
 .group         0x0000000000000000        0xc mycode/motor.o
 .group         0x0000000000000000        0xc mycode/motor.o
 .group         0x0000000000000000        0xc mycode/motor.o
 .group         0x0000000000000000        0xc mycode/motor.o
 .group         0x0000000000000000        0xc mycode/motor.o
 .group         0x0000000000000000        0xc mycode/motor.o
 .group         0x0000000000000000        0xc mycode/motor.o
 .group         0x0000000000000000        0xc mycode/motor.o
 .group         0x0000000000000000        0xc mycode/motor.o
 .group         0x0000000000000000        0xc mycode/motor.o
 .group         0x0000000000000000        0xc mycode/motor.o
 .group         0x0000000000000000        0xc mycode/motor.o
 .group         0x0000000000000000        0xc mycode/motor.o
 .group         0x0000000000000000        0xc mycode/motor.o
 .group         0x0000000000000000        0xc mycode/motor.o
 .group         0x0000000000000000        0xc mycode/motor.o
 .group         0x0000000000000000        0xc mycode/motor.o
 .group         0x0000000000000000        0xc mycode/motor.o
 .group         0x0000000000000000        0xc mycode/motor.o
 .group         0x0000000000000000        0xc mycode/motor.o
 .group         0x0000000000000000        0xc mycode/motor.o
 .group         0x0000000000000000        0xc mycode/motor.o
 .group         0x0000000000000000        0xc mycode/motor.o
 .group         0x0000000000000000        0xc mycode/motor.o
 .group         0x0000000000000000        0xc mycode/motor.o
 .group         0x0000000000000000        0xc mycode/motor.o
 .group         0x0000000000000000        0xc mycode/motor.o
 .group         0x0000000000000000        0xc mycode/motor.o
 .group         0x0000000000000000        0xc mycode/motor.o
 .group         0x0000000000000000        0xc mycode/motor.o
 .group         0x0000000000000000        0xc mycode/motor.o
 .group         0x0000000000000000        0xc mycode/motor.o
 .group         0x0000000000000000        0xc mycode/motor.o
 .group         0x0000000000000000        0xc mycode/motor.o
 .group         0x0000000000000000        0xc mycode/motor.o
 .group         0x0000000000000000        0xc mycode/motor.o
 .group         0x0000000000000000        0xc mycode/motor.o
 .group         0x0000000000000000        0xc mycode/motor.o
 .text          0x0000000000000000        0x0 mycode/motor.o
 .data          0x0000000000000000        0x0 mycode/motor.o
 .bss           0x0000000000000000        0x0 mycode/motor.o
 .text.SetMotorSpeed
                0x0000000000000000      0x100 mycode/motor.o
 .text.ZYSTM32_run
                0x0000000000000000       0x3c mycode/motor.o
 .text.ZYSTM32_brake
                0x0000000000000000       0x44 mycode/motor.o
 .text.ZYSTM32_Left
                0x0000000000000000       0x30 mycode/motor.o
 .text.ZYSTM32_Spin_Left
                0x0000000000000000       0x3e mycode/motor.o
 .text.ZYSTM32_Right
                0x0000000000000000       0x38 mycode/motor.o
 .text.ZYSTM32_Spin_Right
                0x0000000000000000       0x4a mycode/motor.o
 .text.ZYSTM32_back
                0x0000000000000000       0x46 mycode/motor.o
 .debug_info    0x0000000000000000     0x1295 mycode/motor.o
 .debug_abbrev  0x0000000000000000      0x235 mycode/motor.o
 .debug_aranges
                0x0000000000000000       0x58 mycode/motor.o
 .debug_ranges  0x0000000000000000       0x48 mycode/motor.o
 .debug_macro   0x0000000000000000      0x262 mycode/motor.o
 .debug_macro   0x0000000000000000      0xa9c mycode/motor.o
 .debug_macro   0x0000000000000000      0x215 mycode/motor.o
 .debug_macro   0x0000000000000000       0x2e mycode/motor.o
 .debug_macro   0x0000000000000000       0x22 mycode/motor.o
 .debug_macro   0x0000000000000000       0x22 mycode/motor.o
 .debug_macro   0x0000000000000000       0x8e mycode/motor.o
 .debug_macro   0x0000000000000000       0x51 mycode/motor.o
 .debug_macro   0x0000000000000000      0x103 mycode/motor.o
 .debug_macro   0x0000000000000000       0x6a mycode/motor.o
 .debug_macro   0x0000000000000000      0x1df mycode/motor.o
 .debug_macro   0x0000000000000000       0x1c mycode/motor.o
 .debug_macro   0x0000000000000000       0x22 mycode/motor.o
 .debug_macro   0x0000000000000000       0xc3 mycode/motor.o
 .debug_macro   0x0000000000000000      0xd23 mycode/motor.o
 .debug_macro   0x0000000000000000     0xfd8c mycode/motor.o
 .debug_macro   0x0000000000000000       0x6d mycode/motor.o
 .debug_macro   0x0000000000000000     0x3468 mycode/motor.o
 .debug_macro   0x0000000000000000      0x174 mycode/motor.o
 .debug_macro   0x0000000000000000       0x5c mycode/motor.o
 .debug_macro   0x0000000000000000      0x5be mycode/motor.o
 .debug_macro   0x0000000000000000      0x4d5 mycode/motor.o
 .debug_macro   0x0000000000000000      0x1cb mycode/motor.o
 .debug_macro   0x0000000000000000      0x114 mycode/motor.o
 .debug_macro   0x0000000000000000      0x1ea mycode/motor.o
 .debug_macro   0x0000000000000000       0x27 mycode/motor.o
 .debug_macro   0x0000000000000000      0x144 mycode/motor.o
 .debug_macro   0x0000000000000000      0x1bc mycode/motor.o
 .debug_macro   0x0000000000000000       0x30 mycode/motor.o
 .debug_macro   0x0000000000000000       0x3c mycode/motor.o
 .debug_macro   0x0000000000000000       0x57 mycode/motor.o
 .debug_macro   0x0000000000000000       0x88 mycode/motor.o
 .debug_macro   0x0000000000000000      0x24f mycode/motor.o
 .debug_macro   0x0000000000000000      0x141 mycode/motor.o
 .debug_macro   0x0000000000000000      0x8d1 mycode/motor.o
 .debug_macro   0x0000000000000000       0xb5 mycode/motor.o
 .debug_macro   0x0000000000000000       0xa0 mycode/motor.o
 .debug_macro   0x0000000000000000       0x34 mycode/motor.o
 .debug_macro   0x0000000000000000       0x52 mycode/motor.o
 .debug_macro   0x0000000000000000       0x18 mycode/motor.o
 .debug_macro   0x0000000000000000       0x3c mycode/motor.o
 .debug_macro   0x0000000000000000       0x34 mycode/motor.o
 .debug_macro   0x0000000000000000       0x16 mycode/motor.o
 .debug_macro   0x0000000000000000       0x43 mycode/motor.o
 .debug_macro   0x0000000000000000       0x34 mycode/motor.o
 .debug_macro   0x0000000000000000       0x10 mycode/motor.o
 .debug_macro   0x0000000000000000       0x58 mycode/motor.o
 .debug_macro   0x0000000000000000       0x71 mycode/motor.o
 .debug_macro   0x0000000000000000       0x1c mycode/motor.o
 .debug_macro   0x0000000000000000      0x12a mycode/motor.o
 .debug_macro   0x0000000000000000      0x333 mycode/motor.o
 .debug_macro   0x0000000000000000      0x1a9 mycode/motor.o
 .debug_line    0x0000000000000000      0xa3b mycode/motor.o
 .debug_str     0x0000000000000000    0x9407c mycode/motor.o
 .comment       0x0000000000000000       0x54 mycode/motor.o
 .debug_frame   0x0000000000000000      0x134 mycode/motor.o
 .ARM.attributes
                0x0000000000000000       0x2d mycode/motor.o
 .text          0x0000000000000000        0x0 d:/software/stm32cubeide/stm32cubeide_1.5.0/stm32cubeide/plugins/com.st.stm32cube.ide.mcu.externaltools.gnu-tools-for-stm32.9-2020-q2-update.win32_1.5.0.202011040924/tools/bin/../lib/gcc/arm-none-eabi/9.3.1/../../../../arm-none-eabi/lib/thumb/v7-m/nofp\libc_nano.a(lib_a-exit.o)
 .data          0x0000000000000000        0x0 d:/software/stm32cubeide/stm32cubeide_1.5.0/stm32cubeide/plugins/com.st.stm32cube.ide.mcu.externaltools.gnu-tools-for-stm32.9-2020-q2-update.win32_1.5.0.202011040924/tools/bin/../lib/gcc/arm-none-eabi/9.3.1/../../../../arm-none-eabi/lib/thumb/v7-m/nofp\libc_nano.a(lib_a-exit.o)
 .bss           0x0000000000000000        0x0 d:/software/stm32cubeide/stm32cubeide_1.5.0/stm32cubeide/plugins/com.st.stm32cube.ide.mcu.externaltools.gnu-tools-for-stm32.9-2020-q2-update.win32_1.5.0.202011040924/tools/bin/../lib/gcc/arm-none-eabi/9.3.1/../../../../arm-none-eabi/lib/thumb/v7-m/nofp\libc_nano.a(lib_a-exit.o)
 .text.exit     0x0000000000000000       0x28 d:/software/stm32cubeide/stm32cubeide_1.5.0/stm32cubeide/plugins/com.st.stm32cube.ide.mcu.externaltools.gnu-tools-for-stm32.9-2020-q2-update.win32_1.5.0.202011040924/tools/bin/../lib/gcc/arm-none-eabi/9.3.1/../../../../arm-none-eabi/lib/thumb/v7-m/nofp\libc_nano.a(lib_a-exit.o)
 .debug_frame   0x0000000000000000       0x28 d:/software/stm32cubeide/stm32cubeide_1.5.0/stm32cubeide/plugins/com.st.stm32cube.ide.mcu.externaltools.gnu-tools-for-stm32.9-2020-q2-update.win32_1.5.0.202011040924/tools/bin/../lib/gcc/arm-none-eabi/9.3.1/../../../../arm-none-eabi/lib/thumb/v7-m/nofp\libc_nano.a(lib_a-exit.o)
 .ARM.attributes
                0x0000000000000000       0x2d d:/software/stm32cubeide/stm32cubeide_1.5.0/stm32cubeide/plugins/com.st.stm32cube.ide.mcu.externaltools.gnu-tools-for-stm32.9-2020-q2-update.win32_1.5.0.202011040924/tools/bin/../lib/gcc/arm-none-eabi/9.3.1/../../../../arm-none-eabi/lib/thumb/v7-m/nofp\libc_nano.a(lib_a-exit.o)
 .text          0x0000000000000000        0x0 d:/software/stm32cubeide/stm32cubeide_1.5.0/stm32cubeide/plugins/com.st.stm32cube.ide.mcu.externaltools.gnu-tools-for-stm32.9-2020-q2-update.win32_1.5.0.202011040924/tools/bin/../lib/gcc/arm-none-eabi/9.3.1/../../../../arm-none-eabi/lib/thumb/v7-m/nofp\libc_nano.a(lib_a-impure.o)
 .data          0x0000000000000000        0x0 d:/software/stm32cubeide/stm32cubeide_1.5.0/stm32cubeide/plugins/com.st.stm32cube.ide.mcu.externaltools.gnu-tools-for-stm32.9-2020-q2-update.win32_1.5.0.202011040924/tools/bin/../lib/gcc/arm-none-eabi/9.3.1/../../../../arm-none-eabi/lib/thumb/v7-m/nofp\libc_nano.a(lib_a-impure.o)
 .bss           0x0000000000000000        0x0 d:/software/stm32cubeide/stm32cubeide_1.5.0/stm32cubeide/plugins/com.st.stm32cube.ide.mcu.externaltools.gnu-tools-for-stm32.9-2020-q2-update.win32_1.5.0.202011040924/tools/bin/../lib/gcc/arm-none-eabi/9.3.1/../../../../arm-none-eabi/lib/thumb/v7-m/nofp\libc_nano.a(lib_a-impure.o)
 .data._impure_ptr
                0x0000000000000000        0x4 d:/software/stm32cubeide/stm32cubeide_1.5.0/stm32cubeide/plugins/com.st.stm32cube.ide.mcu.externaltools.gnu-tools-for-stm32.9-2020-q2-update.win32_1.5.0.202011040924/tools/bin/../lib/gcc/arm-none-eabi/9.3.1/../../../../arm-none-eabi/lib/thumb/v7-m/nofp\libc_nano.a(lib_a-impure.o)
 .data.impure_data
                0x0000000000000000       0x60 d:/software/stm32cubeide/stm32cubeide_1.5.0/stm32cubeide/plugins/com.st.stm32cube.ide.mcu.externaltools.gnu-tools-for-stm32.9-2020-q2-update.win32_1.5.0.202011040924/tools/bin/../lib/gcc/arm-none-eabi/9.3.1/../../../../arm-none-eabi/lib/thumb/v7-m/nofp\libc_nano.a(lib_a-impure.o)
 .rodata._global_impure_ptr
                0x0000000000000000        0x4 d:/software/stm32cubeide/stm32cubeide_1.5.0/stm32cubeide/plugins/com.st.stm32cube.ide.mcu.externaltools.gnu-tools-for-stm32.9-2020-q2-update.win32_1.5.0.202011040924/tools/bin/../lib/gcc/arm-none-eabi/9.3.1/../../../../arm-none-eabi/lib/thumb/v7-m/nofp\libc_nano.a(lib_a-impure.o)
 .ARM.attributes
                0x0000000000000000       0x2d d:/software/stm32cubeide/stm32cubeide_1.5.0/stm32cubeide/plugins/com.st.stm32cube.ide.mcu.externaltools.gnu-tools-for-stm32.9-2020-q2-update.win32_1.5.0.202011040924/tools/bin/../lib/gcc/arm-none-eabi/9.3.1/../../../../arm-none-eabi/lib/thumb/v7-m/nofp\libc_nano.a(lib_a-impure.o)
 .text          0x0000000000000000        0x0 d:/software/stm32cubeide/stm32cubeide_1.5.0/stm32cubeide/plugins/com.st.stm32cube.ide.mcu.externaltools.gnu-tools-for-stm32.9-2020-q2-update.win32_1.5.0.202011040924/tools/bin/../lib/gcc/arm-none-eabi/9.3.1/../../../../arm-none-eabi/lib/thumb/v7-m/nofp\libc_nano.a(lib_a-init.o)
 .data          0x0000000000000000        0x0 d:/software/stm32cubeide/stm32cubeide_1.5.0/stm32cubeide/plugins/com.st.stm32cube.ide.mcu.externaltools.gnu-tools-for-stm32.9-2020-q2-update.win32_1.5.0.202011040924/tools/bin/../lib/gcc/arm-none-eabi/9.3.1/../../../../arm-none-eabi/lib/thumb/v7-m/nofp\libc_nano.a(lib_a-init.o)
 .bss           0x0000000000000000        0x0 d:/software/stm32cubeide/stm32cubeide_1.5.0/stm32cubeide/plugins/com.st.stm32cube.ide.mcu.externaltools.gnu-tools-for-stm32.9-2020-q2-update.win32_1.5.0.202011040924/tools/bin/../lib/gcc/arm-none-eabi/9.3.1/../../../../arm-none-eabi/lib/thumb/v7-m/nofp\libc_nano.a(lib_a-init.o)
 .text.__libc_init_array
                0x0000000000000000       0x48 d:/software/stm32cubeide/stm32cubeide_1.5.0/stm32cubeide/plugins/com.st.stm32cube.ide.mcu.externaltools.gnu-tools-for-stm32.9-2020-q2-update.win32_1.5.0.202011040924/tools/bin/../lib/gcc/arm-none-eabi/9.3.1/../../../../arm-none-eabi/lib/thumb/v7-m/nofp\libc_nano.a(lib_a-init.o)
 .debug_frame   0x0000000000000000       0x2c d:/software/stm32cubeide/stm32cubeide_1.5.0/stm32cubeide/plugins/com.st.stm32cube.ide.mcu.externaltools.gnu-tools-for-stm32.9-2020-q2-update.win32_1.5.0.202011040924/tools/bin/../lib/gcc/arm-none-eabi/9.3.1/../../../../arm-none-eabi/lib/thumb/v7-m/nofp\libc_nano.a(lib_a-init.o)
 .ARM.attributes
                0x0000000000000000       0x2d d:/software/stm32cubeide/stm32cubeide_1.5.0/stm32cubeide/plugins/com.st.stm32cube.ide.mcu.externaltools.gnu-tools-for-stm32.9-2020-q2-update.win32_1.5.0.202011040924/tools/bin/../lib/gcc/arm-none-eabi/9.3.1/../../../../arm-none-eabi/lib/thumb/v7-m/nofp\libc_nano.a(lib_a-init.o)
 .text          0x0000000000000000        0x0 d:/software/stm32cubeide/stm32cubeide_1.5.0/stm32cubeide/plugins/com.st.stm32cube.ide.mcu.externaltools.gnu-tools-for-stm32.9-2020-q2-update.win32_1.5.0.202011040924/tools/bin/../lib/gcc/arm-none-eabi/9.3.1/../../../../arm-none-eabi/lib/thumb/v7-m/nofp\libc_nano.a(lib_a-memset.o)
 .data          0x0000000000000000        0x0 d:/software/stm32cubeide/stm32cubeide_1.5.0/stm32cubeide/plugins/com.st.stm32cube.ide.mcu.externaltools.gnu-tools-for-stm32.9-2020-q2-update.win32_1.5.0.202011040924/tools/bin/../lib/gcc/arm-none-eabi/9.3.1/../../../../arm-none-eabi/lib/thumb/v7-m/nofp\libc_nano.a(lib_a-memset.o)
 .bss           0x0000000000000000        0x0 d:/software/stm32cubeide/stm32cubeide_1.5.0/stm32cubeide/plugins/com.st.stm32cube.ide.mcu.externaltools.gnu-tools-for-stm32.9-2020-q2-update.win32_1.5.0.202011040924/tools/bin/../lib/gcc/arm-none-eabi/9.3.1/../../../../arm-none-eabi/lib/thumb/v7-m/nofp\libc_nano.a(lib_a-memset.o)
 .text.memset   0x0000000000000000       0x10 d:/software/stm32cubeide/stm32cubeide_1.5.0/stm32cubeide/plugins/com.st.stm32cube.ide.mcu.externaltools.gnu-tools-for-stm32.9-2020-q2-update.win32_1.5.0.202011040924/tools/bin/../lib/gcc/arm-none-eabi/9.3.1/../../../../arm-none-eabi/lib/thumb/v7-m/nofp\libc_nano.a(lib_a-memset.o)
 .debug_frame   0x0000000000000000       0x20 d:/software/stm32cubeide/stm32cubeide_1.5.0/stm32cubeide/plugins/com.st.stm32cube.ide.mcu.externaltools.gnu-tools-for-stm32.9-2020-q2-update.win32_1.5.0.202011040924/tools/bin/../lib/gcc/arm-none-eabi/9.3.1/../../../../arm-none-eabi/lib/thumb/v7-m/nofp\libc_nano.a(lib_a-memset.o)
 .ARM.attributes
                0x0000000000000000       0x2d d:/software/stm32cubeide/stm32cubeide_1.5.0/stm32cubeide/plugins/com.st.stm32cube.ide.mcu.externaltools.gnu-tools-for-stm32.9-2020-q2-update.win32_1.5.0.202011040924/tools/bin/../lib/gcc/arm-none-eabi/9.3.1/../../../../arm-none-eabi/lib/thumb/v7-m/nofp\libc_nano.a(lib_a-memset.o)
 .text          0x0000000000000000      0x254 d:/software/stm32cubeide/stm32cubeide_1.5.0/stm32cubeide/plugins/com.st.stm32cube.ide.mcu.externaltools.gnu-tools-for-stm32.9-2020-q2-update.win32_1.5.0.202011040924/tools/bin/../lib/gcc/arm-none-eabi/9.3.1/thumb/v7-m/nofp\libgcc.a(_arm_muldf3.o)
 .data          0x0000000000000000        0x0 d:/software/stm32cubeide/stm32cubeide_1.5.0/stm32cubeide/plugins/com.st.stm32cube.ide.mcu.externaltools.gnu-tools-for-stm32.9-2020-q2-update.win32_1.5.0.202011040924/tools/bin/../lib/gcc/arm-none-eabi/9.3.1/thumb/v7-m/nofp\libgcc.a(_arm_muldf3.o)
 .bss           0x0000000000000000        0x0 d:/software/stm32cubeide/stm32cubeide_1.5.0/stm32cubeide/plugins/com.st.stm32cube.ide.mcu.externaltools.gnu-tools-for-stm32.9-2020-q2-update.win32_1.5.0.202011040924/tools/bin/../lib/gcc/arm-none-eabi/9.3.1/thumb/v7-m/nofp\libgcc.a(_arm_muldf3.o)
 .debug_frame   0x0000000000000000       0x30 d:/software/stm32cubeide/stm32cubeide_1.5.0/stm32cubeide/plugins/com.st.stm32cube.ide.mcu.externaltools.gnu-tools-for-stm32.9-2020-q2-update.win32_1.5.0.202011040924/tools/bin/../lib/gcc/arm-none-eabi/9.3.1/thumb/v7-m/nofp\libgcc.a(_arm_muldf3.o)
 .ARM.attributes
                0x0000000000000000       0x1d d:/software/stm32cubeide/stm32cubeide_1.5.0/stm32cubeide/plugins/com.st.stm32cube.ide.mcu.externaltools.gnu-tools-for-stm32.9-2020-q2-update.win32_1.5.0.202011040924/tools/bin/../lib/gcc/arm-none-eabi/9.3.1/thumb/v7-m/nofp\libgcc.a(_arm_muldf3.o)
 .text          0x0000000000000000      0x378 d:/software/stm32cubeide/stm32cubeide_1.5.0/stm32cubeide/plugins/com.st.stm32cube.ide.mcu.externaltools.gnu-tools-for-stm32.9-2020-q2-update.win32_1.5.0.202011040924/tools/bin/../lib/gcc/arm-none-eabi/9.3.1/thumb/v7-m/nofp\libgcc.a(_arm_addsubdf3.o)
 .data          0x0000000000000000        0x0 d:/software/stm32cubeide/stm32cubeide_1.5.0/stm32cubeide/plugins/com.st.stm32cube.ide.mcu.externaltools.gnu-tools-for-stm32.9-2020-q2-update.win32_1.5.0.202011040924/tools/bin/../lib/gcc/arm-none-eabi/9.3.1/thumb/v7-m/nofp\libgcc.a(_arm_addsubdf3.o)
 .bss           0x0000000000000000        0x0 d:/software/stm32cubeide/stm32cubeide_1.5.0/stm32cubeide/plugins/com.st.stm32cube.ide.mcu.externaltools.gnu-tools-for-stm32.9-2020-q2-update.win32_1.5.0.202011040924/tools/bin/../lib/gcc/arm-none-eabi/9.3.1/thumb/v7-m/nofp\libgcc.a(_arm_addsubdf3.o)
 .debug_frame   0x0000000000000000       0xac d:/software/stm32cubeide/stm32cubeide_1.5.0/stm32cubeide/plugins/com.st.stm32cube.ide.mcu.externaltools.gnu-tools-for-stm32.9-2020-q2-update.win32_1.5.0.202011040924/tools/bin/../lib/gcc/arm-none-eabi/9.3.1/thumb/v7-m/nofp\libgcc.a(_arm_addsubdf3.o)
 .ARM.attributes
                0x0000000000000000       0x1d d:/software/stm32cubeide/stm32cubeide_1.5.0/stm32cubeide/plugins/com.st.stm32cube.ide.mcu.externaltools.gnu-tools-for-stm32.9-2020-q2-update.win32_1.5.0.202011040924/tools/bin/../lib/gcc/arm-none-eabi/9.3.1/thumb/v7-m/nofp\libgcc.a(_arm_addsubdf3.o)
 .text          0x0000000000000000       0x50 d:/software/stm32cubeide/stm32cubeide_1.5.0/stm32cubeide/plugins/com.st.stm32cube.ide.mcu.externaltools.gnu-tools-for-stm32.9-2020-q2-update.win32_1.5.0.202011040924/tools/bin/../lib/gcc/arm-none-eabi/9.3.1/thumb/v7-m/nofp\libgcc.a(_arm_fixdfsi.o)
 .data          0x0000000000000000        0x0 d:/software/stm32cubeide/stm32cubeide_1.5.0/stm32cubeide/plugins/com.st.stm32cube.ide.mcu.externaltools.gnu-tools-for-stm32.9-2020-q2-update.win32_1.5.0.202011040924/tools/bin/../lib/gcc/arm-none-eabi/9.3.1/thumb/v7-m/nofp\libgcc.a(_arm_fixdfsi.o)
 .bss           0x0000000000000000        0x0 d:/software/stm32cubeide/stm32cubeide_1.5.0/stm32cubeide/plugins/com.st.stm32cube.ide.mcu.externaltools.gnu-tools-for-stm32.9-2020-q2-update.win32_1.5.0.202011040924/tools/bin/../lib/gcc/arm-none-eabi/9.3.1/thumb/v7-m/nofp\libgcc.a(_arm_fixdfsi.o)
 .debug_frame   0x0000000000000000       0x24 d:/software/stm32cubeide/stm32cubeide_1.5.0/stm32cubeide/plugins/com.st.stm32cube.ide.mcu.externaltools.gnu-tools-for-stm32.9-2020-q2-update.win32_1.5.0.202011040924/tools/bin/../lib/gcc/arm-none-eabi/9.3.1/thumb/v7-m/nofp\libgcc.a(_arm_fixdfsi.o)
 .ARM.attributes
                0x0000000000000000       0x1d d:/software/stm32cubeide/stm32cubeide_1.5.0/stm32cubeide/plugins/com.st.stm32cube.ide.mcu.externaltools.gnu-tools-for-stm32.9-2020-q2-update.win32_1.5.0.202011040924/tools/bin/../lib/gcc/arm-none-eabi/9.3.1/thumb/v7-m/nofp\libgcc.a(_arm_fixdfsi.o)
 .text          0x0000000000000000        0x0 d:/software/stm32cubeide/stm32cubeide_1.5.0/stm32cubeide/plugins/com.st.stm32cube.ide.mcu.externaltools.gnu-tools-for-stm32.9-2020-q2-update.win32_1.5.0.202011040924/tools/bin/../lib/gcc/arm-none-eabi/9.3.1/../../../../arm-none-eabi/lib/thumb/v7-m/nofp\libnosys.a(_exit.o)
 .data          0x0000000000000000        0x0 d:/software/stm32cubeide/stm32cubeide_1.5.0/stm32cubeide/plugins/com.st.stm32cube.ide.mcu.externaltools.gnu-tools-for-stm32.9-2020-q2-update.win32_1.5.0.202011040924/tools/bin/../lib/gcc/arm-none-eabi/9.3.1/../../../../arm-none-eabi/lib/thumb/v7-m/nofp\libnosys.a(_exit.o)
 .bss           0x0000000000000000        0x0 d:/software/stm32cubeide/stm32cubeide_1.5.0/stm32cubeide/plugins/com.st.stm32cube.ide.mcu.externaltools.gnu-tools-for-stm32.9-2020-q2-update.win32_1.5.0.202011040924/tools/bin/../lib/gcc/arm-none-eabi/9.3.1/../../../../arm-none-eabi/lib/thumb/v7-m/nofp\libnosys.a(_exit.o)
 .text._exit    0x0000000000000000        0x2 d:/software/stm32cubeide/stm32cubeide_1.5.0/stm32cubeide/plugins/com.st.stm32cube.ide.mcu.externaltools.gnu-tools-for-stm32.9-2020-q2-update.win32_1.5.0.202011040924/tools/bin/../lib/gcc/arm-none-eabi/9.3.1/../../../../arm-none-eabi/lib/thumb/v7-m/nofp\libnosys.a(_exit.o)
 .debug_frame   0x0000000000000000       0x20 d:/software/stm32cubeide/stm32cubeide_1.5.0/stm32cubeide/plugins/com.st.stm32cube.ide.mcu.externaltools.gnu-tools-for-stm32.9-2020-q2-update.win32_1.5.0.202011040924/tools/bin/../lib/gcc/arm-none-eabi/9.3.1/../../../../arm-none-eabi/lib/thumb/v7-m/nofp\libnosys.a(_exit.o)
 .ARM.attributes
                0x0000000000000000       0x2d d:/software/stm32cubeide/stm32cubeide_1.5.0/stm32cubeide/plugins/com.st.stm32cube.ide.mcu.externaltools.gnu-tools-for-stm32.9-2020-q2-update.win32_1.5.0.202011040924/tools/bin/../lib/gcc/arm-none-eabi/9.3.1/../../../../arm-none-eabi/lib/thumb/v7-m/nofp\libnosys.a(_exit.o)
 .text          0x0000000000000000        0x0 d:/software/stm32cubeide/stm32cubeide_1.5.0/stm32cubeide/plugins/com.st.stm32cube.ide.mcu.externaltools.gnu-tools-for-stm32.9-2020-q2-update.win32_1.5.0.202011040924/tools/bin/../lib/gcc/arm-none-eabi/9.3.1/thumb/v7-m/nofp/crtend.o
 .data          0x0000000000000000        0x0 d:/software/stm32cubeide/stm32cubeide_1.5.0/stm32cubeide/plugins/com.st.stm32cube.ide.mcu.externaltools.gnu-tools-for-stm32.9-2020-q2-update.win32_1.5.0.202011040924/tools/bin/../lib/gcc/arm-none-eabi/9.3.1/thumb/v7-m/nofp/crtend.o
 .bss           0x0000000000000000        0x0 d:/software/stm32cubeide/stm32cubeide_1.5.0/stm32cubeide/plugins/com.st.stm32cube.ide.mcu.externaltools.gnu-tools-for-stm32.9-2020-q2-update.win32_1.5.0.202011040924/tools/bin/../lib/gcc/arm-none-eabi/9.3.1/thumb/v7-m/nofp/crtend.o
 .eh_frame      0x0000000000000000        0x4 d:/software/stm32cubeide/stm32cubeide_1.5.0/stm32cubeide/plugins/com.st.stm32cube.ide.mcu.externaltools.gnu-tools-for-stm32.9-2020-q2-update.win32_1.5.0.202011040924/tools/bin/../lib/gcc/arm-none-eabi/9.3.1/thumb/v7-m/nofp/crtend.o
 .ARM.attributes
                0x0000000000000000       0x2d d:/software/stm32cubeide/stm32cubeide_1.5.0/stm32cubeide/plugins/com.st.stm32cube.ide.mcu.externaltools.gnu-tools-for-stm32.9-2020-q2-update.win32_1.5.0.202011040924/tools/bin/../lib/gcc/arm-none-eabi/9.3.1/thumb/v7-m/nofp/crtend.o
 .text          0x0000000000000000        0x0 d:/software/stm32cubeide/stm32cubeide_1.5.0/stm32cubeide/plugins/com.st.stm32cube.ide.mcu.externaltools.gnu-tools-for-stm32.9-2020-q2-update.win32_1.5.0.202011040924/tools/bin/../lib/gcc/arm-none-eabi/9.3.1/thumb/v7-m/nofp/crtn.o
 .data          0x0000000000000000        0x0 d:/software/stm32cubeide/stm32cubeide_1.5.0/stm32cubeide/plugins/com.st.stm32cube.ide.mcu.externaltools.gnu-tools-for-stm32.9-2020-q2-update.win32_1.5.0.202011040924/tools/bin/../lib/gcc/arm-none-eabi/9.3.1/thumb/v7-m/nofp/crtn.o
 .bss           0x0000000000000000        0x0 d:/software/stm32cubeide/stm32cubeide_1.5.0/stm32cubeide/plugins/com.st.stm32cube.ide.mcu.externaltools.gnu-tools-for-stm32.9-2020-q2-update.win32_1.5.0.202011040924/tools/bin/../lib/gcc/arm-none-eabi/9.3.1/thumb/v7-m/nofp/crtn.o

Memory Configuration

Name             Origin             Length             Attributes
RAM              0x0000000020000000 0x000000000000c000 xrw
FLASH            0x0000000008000000 0x0000000000040000 xr
*default*        0x0000000000000000 0xffffffffffffffff

Linker script and memory map

LOAD d:/software/stm32cubeide/stm32cubeide_1.5.0/stm32cubeide/plugins/com.st.stm32cube.ide.mcu.externaltools.gnu-tools-for-stm32.9-2020-q2-update.win32_1.5.0.202011040924/tools/bin/../lib/gcc/arm-none-eabi/9.3.1/thumb/v7-m/nofp/crti.o
LOAD d:/software/stm32cubeide/stm32cubeide_1.5.0/stm32cubeide/plugins/com.st.stm32cube.ide.mcu.externaltools.gnu-tools-for-stm32.9-2020-q2-update.win32_1.5.0.202011040924/tools/bin/../lib/gcc/arm-none-eabi/9.3.1/thumb/v7-m/nofp/crtbegin.o
LOAD d:/software/stm32cubeide/stm32cubeide_1.5.0/stm32cubeide/plugins/com.st.stm32cube.ide.mcu.externaltools.gnu-tools-for-stm32.9-2020-q2-update.win32_1.5.0.202011040924/tools/bin/../lib/gcc/arm-none-eabi/9.3.1/../../../../arm-none-eabi/lib/thumb/v7-m/nofp/crt0.o
LOAD mycode/IRAvoid.o
LOAD mycode/IRSEARCH.o
LOAD mycode/keyscan.o
LOAD mycode/motor.o
START GROUP
LOAD d:/software/stm32cubeide/stm32cubeide_1.5.0/stm32cubeide/plugins/com.st.stm32cube.ide.mcu.externaltools.gnu-tools-for-stm32.9-2020-q2-update.win32_1.5.0.202011040924/tools/bin/../lib/gcc/arm-none-eabi/9.3.1/../../../../arm-none-eabi/lib/thumb/v7-m/nofp\libc_nano.a
LOAD d:/software/stm32cubeide/stm32cubeide_1.5.0/stm32cubeide/plugins/com.st.stm32cube.ide.mcu.externaltools.gnu-tools-for-stm32.9-2020-q2-update.win32_1.5.0.202011040924/tools/bin/../lib/gcc/arm-none-eabi/9.3.1/../../../../arm-none-eabi/lib/thumb/v7-m/nofp\libm.a
END GROUP
START GROUP
LOAD d:/software/stm32cubeide/stm32cubeide_1.5.0/stm32cubeide/plugins/com.st.stm32cube.ide.mcu.externaltools.gnu-tools-for-stm32.9-2020-q2-update.win32_1.5.0.202011040924/tools/bin/../lib/gcc/arm-none-eabi/9.3.1/thumb/v7-m/nofp\libgcc.a
LOAD d:/software/stm32cubeide/stm32cubeide_1.5.0/stm32cubeide/plugins/com.st.stm32cube.ide.mcu.externaltools.gnu-tools-for-stm32.9-2020-q2-update.win32_1.5.0.202011040924/tools/bin/../lib/gcc/arm-none-eabi/9.3.1/../../../../arm-none-eabi/lib/thumb/v7-m/nofp\libc_nano.a
END GROUP
START GROUP
LOAD d:/software/stm32cubeide/stm32cubeide_1.5.0/stm32cubeide/plugins/com.st.stm32cube.ide.mcu.externaltools.gnu-tools-for-stm32.9-2020-q2-update.win32_1.5.0.202011040924/tools/bin/../lib/gcc/arm-none-eabi/9.3.1/thumb/v7-m/nofp\libgcc.a
LOAD d:/software/stm32cubeide/stm32cubeide_1.5.0/stm32cubeide/plugins/com.st.stm32cube.ide.mcu.externaltools.gnu-tools-for-stm32.9-2020-q2-update.win32_1.5.0.202011040924/tools/bin/../lib/gcc/arm-none-eabi/9.3.1/../../../../arm-none-eabi/lib/thumb/v7-m/nofp\libc_nano.a
LOAD d:/software/stm32cubeide/stm32cubeide_1.5.0/stm32cubeide/plugins/com.st.stm32cube.ide.mcu.externaltools.gnu-tools-for-stm32.9-2020-q2-update.win32_1.5.0.202011040924/tools/bin/../lib/gcc/arm-none-eabi/9.3.1/../../../../arm-none-eabi/lib/thumb/v7-m/nofp\libnosys.a
END GROUP
START GROUP
LOAD d:/software/stm32cubeide/stm32cubeide_1.5.0/stm32cubeide/plugins/com.st.stm32cube.ide.mcu.externaltools.gnu-tools-for-stm32.9-2020-q2-update.win32_1.5.0.202011040924/tools/bin/../lib/gcc/arm-none-eabi/9.3.1/thumb/v7-m/nofp\libgcc.a
LOAD d:/software/stm32cubeide/stm32cubeide_1.5.0/stm32cubeide/plugins/com.st.stm32cube.ide.mcu.externaltools.gnu-tools-for-stm32.9-2020-q2-update.win32_1.5.0.202011040924/tools/bin/../lib/gcc/arm-none-eabi/9.3.1/../../../../arm-none-eabi/lib/thumb/v7-m/nofp\libc_nano.a
LOAD d:/software/stm32cubeide/stm32cubeide_1.5.0/stm32cubeide/plugins/com.st.stm32cube.ide.mcu.externaltools.gnu-tools-for-stm32.9-2020-q2-update.win32_1.5.0.202011040924/tools/bin/../lib/gcc/arm-none-eabi/9.3.1/../../../../arm-none-eabi/lib/thumb/v7-m/nofp\libnosys.a
END GROUP
LOAD d:/software/stm32cubeide/stm32cubeide_1.5.0/stm32cubeide/plugins/com.st.stm32cube.ide.mcu.externaltools.gnu-tools-for-stm32.9-2020-q2-update.win32_1.5.0.202011040924/tools/bin/../lib/gcc/arm-none-eabi/9.3.1/thumb/v7-m/nofp/crtend.o
LOAD d:/software/stm32cubeide/stm32cubeide_1.5.0/stm32cubeide/plugins/com.st.stm32cube.ide.mcu.externaltools.gnu-tools-for-stm32.9-2020-q2-update.win32_1.5.0.202011040924/tools/bin/../lib/gcc/arm-none-eabi/9.3.1/thumb/v7-m/nofp/crtn.o
                0x000000002000c000                _estack = (ORIGIN (RAM) + LENGTH (RAM))
                0x0000000000000200                _Min_Heap_Size = 0x200
                0x0000000000000400                _Min_Stack_Size = 0x400

.isr_vector     0x0000000008000000        0x0
                0x0000000008000000                . = ALIGN (0x4)
 *(.isr_vector)
                0x0000000008000000                . = ALIGN (0x4)

.text           0x0000000008000000       0x58
                0x0000000008000000                . = ALIGN (0x4)
 *(.text)
 .text          0x0000000008000000       0x40 d:/software/stm32cubeide/stm32cubeide_1.5.0/stm32cubeide/plugins/com.st.stm32cube.ide.mcu.externaltools.gnu-tools-for-stm32.9-2020-q2-update.win32_1.5.0.202011040924/tools/bin/../lib/gcc/arm-none-eabi/9.3.1/thumb/v7-m/nofp/crtbegin.o
 *(.text*)
 *(.glue_7)
 .glue_7        0x0000000008000040        0x0 linker stubs
 *(.glue_7t)
 .glue_7t       0x0000000008000040        0x0 linker stubs
 *(.eh_frame)
 .eh_frame      0x0000000008000040        0x0 d:/software/stm32cubeide/stm32cubeide_1.5.0/stm32cubeide/plugins/com.st.stm32cube.ide.mcu.externaltools.gnu-tools-for-stm32.9-2020-q2-update.win32_1.5.0.202011040924/tools/bin/../lib/gcc/arm-none-eabi/9.3.1/thumb/v7-m/nofp/crtbegin.o
 *(.init)
 .init          0x0000000008000040        0x4 d:/software/stm32cubeide/stm32cubeide_1.5.0/stm32cubeide/plugins/com.st.stm32cube.ide.mcu.externaltools.gnu-tools-for-stm32.9-2020-q2-update.win32_1.5.0.202011040924/tools/bin/../lib/gcc/arm-none-eabi/9.3.1/thumb/v7-m/nofp/crti.o
                0x0000000008000040                _init
 .init          0x0000000008000044        0x8 d:/software/stm32cubeide/stm32cubeide_1.5.0/stm32cubeide/plugins/com.st.stm32cube.ide.mcu.externaltools.gnu-tools-for-stm32.9-2020-q2-update.win32_1.5.0.202011040924/tools/bin/../lib/gcc/arm-none-eabi/9.3.1/thumb/v7-m/nofp/crtn.o
 *(.fini)
 .fini          0x000000000800004c        0x4 d:/software/stm32cubeide/stm32cubeide_1.5.0/stm32cubeide/plugins/com.st.stm32cube.ide.mcu.externaltools.gnu-tools-for-stm32.9-2020-q2-update.win32_1.5.0.202011040924/tools/bin/../lib/gcc/arm-none-eabi/9.3.1/thumb/v7-m/nofp/crti.o
                0x000000000800004c                _fini
 .fini          0x0000000008000050        0x8 d:/software/stm32cubeide/stm32cubeide_1.5.0/stm32cubeide/plugins/com.st.stm32cube.ide.mcu.externaltools.gnu-tools-for-stm32.9-2020-q2-update.win32_1.5.0.202011040924/tools/bin/../lib/gcc/arm-none-eabi/9.3.1/thumb/v7-m/nofp/crtn.o
                0x0000000008000058                . = ALIGN (0x4)
                0x0000000008000058                _etext = .

.vfp11_veneer   0x0000000008000058        0x0
 .vfp11_veneer  0x0000000008000058        0x0 linker stubs

.v4_bx          0x0000000008000058        0x0
 .v4_bx         0x0000000008000058        0x0 linker stubs

.iplt           0x0000000008000058        0x0
 .iplt          0x0000000008000058        0x0 d:/software/stm32cubeide/stm32cubeide_1.5.0/stm32cubeide/plugins/com.st.stm32cube.ide.mcu.externaltools.gnu-tools-for-stm32.9-2020-q2-update.win32_1.5.0.202011040924/tools/bin/../lib/gcc/arm-none-eabi/9.3.1/thumb/v7-m/nofp/crtbegin.o

.rel.dyn        0x0000000008000058        0x0
 .rel.iplt      0x0000000008000058        0x0 d:/software/stm32cubeide/stm32cubeide_1.5.0/stm32cubeide/plugins/com.st.stm32cube.ide.mcu.externaltools.gnu-tools-for-stm32.9-2020-q2-update.win32_1.5.0.202011040924/tools/bin/../lib/gcc/arm-none-eabi/9.3.1/thumb/v7-m/nofp/crtbegin.o

.rodata         0x0000000008000058        0x0
                0x0000000008000058                . = ALIGN (0x4)
 *(.rodata)
 *(.rodata*)
                0x0000000008000058                . = ALIGN (0x4)

.ARM.extab      0x0000000008000058        0x0
                0x0000000008000058                . = ALIGN (0x4)
 *(.ARM.extab* .gnu.linkonce.armextab.*)
                0x0000000008000058                . = ALIGN (0x4)

.ARM            0x0000000008000058        0x0
                0x0000000008000058                . = ALIGN (0x4)
                0x0000000008000058                __exidx_start = .
 *(.ARM.exidx*)
                0x0000000008000058                __exidx_end = .
                0x0000000008000058                . = ALIGN (0x4)

.preinit_array  0x0000000008000058        0x0
                0x0000000008000058                . = ALIGN (0x4)
                0x0000000008000058                PROVIDE (__preinit_array_start = .)
 *(.preinit_array*)
                0x0000000008000058                PROVIDE (__preinit_array_end = .)
                0x0000000008000058                . = ALIGN (0x4)

.init_array     0x0000000008000058        0x4
                0x0000000008000058                . = ALIGN (0x4)
                0x0000000008000058                PROVIDE (__init_array_start = .)
 *(SORT_BY_NAME(.init_array.*))
 *(.init_array*)
 .init_array    0x0000000008000058        0x4 d:/software/stm32cubeide/stm32cubeide_1.5.0/stm32cubeide/plugins/com.st.stm32cube.ide.mcu.externaltools.gnu-tools-for-stm32.9-2020-q2-update.win32_1.5.0.202011040924/tools/bin/../lib/gcc/arm-none-eabi/9.3.1/thumb/v7-m/nofp/crtbegin.o
                0x000000000800005c                PROVIDE (__init_array_end = .)
                0x000000000800005c                . = ALIGN (0x4)

.fini_array     0x000000000800005c        0x4
                0x000000000800005c                . = ALIGN (0x4)
                [!provide]                        PROVIDE (__fini_array_start = .)
 *(SORT_BY_NAME(.fini_array.*))
 *(.fini_array*)
 .fini_array    0x000000000800005c        0x4 d:/software/stm32cubeide/stm32cubeide_1.5.0/stm32cubeide/plugins/com.st.stm32cube.ide.mcu.externaltools.gnu-tools-for-stm32.9-2020-q2-update.win32_1.5.0.202011040924/tools/bin/../lib/gcc/arm-none-eabi/9.3.1/thumb/v7-m/nofp/crtbegin.o
                [!provide]                        PROVIDE (__fini_array_end = .)
                0x0000000008000060                . = ALIGN (0x4)
                0x0000000008000060                _sidata = LOADADDR (.data)

.data           0x0000000020000000        0x0 load address 0x0000000008000060
                0x0000000020000000                . = ALIGN (0x4)
                0x0000000020000000                _sdata = .
 *(.data)
 *(.data*)
 *(.RamFunc)
 *(.RamFunc*)
                0x0000000020000000                . = ALIGN (0x4)
                0x0000000020000000                _edata = .

.igot.plt       0x0000000020000000        0x0 load address 0x0000000008000060
 .igot.plt      0x0000000020000000        0x0 d:/software/stm32cubeide/stm32cubeide_1.5.0/stm32cubeide/plugins/com.st.stm32cube.ide.mcu.externaltools.gnu-tools-for-stm32.9-2020-q2-update.win32_1.5.0.202011040924/tools/bin/../lib/gcc/arm-none-eabi/9.3.1/thumb/v7-m/nofp/crtbegin.o
                0x0000000020000000                . = ALIGN (0x4)

.bss            0x0000000020000000       0x1c load address 0x0000000008000060
                0x0000000020000000                _sbss = .
                0x0000000020000000                __bss_start__ = _sbss
 *(.bss)
 .bss           0x0000000020000000       0x1c d:/software/stm32cubeide/stm32cubeide_1.5.0/stm32cubeide/plugins/com.st.stm32cube.ide.mcu.externaltools.gnu-tools-for-stm32.9-2020-q2-update.win32_1.5.0.202011040924/tools/bin/../lib/gcc/arm-none-eabi/9.3.1/thumb/v7-m/nofp/crtbegin.o
 *(.bss*)
 *(COMMON)
                0x000000002000001c                . = ALIGN (0x4)
                0x000000002000001c                _ebss = .
                0x000000002000001c                __bss_end__ = _ebss

._user_heap_stack
                0x000000002000001c      0x604 load address 0x0000000008000060
                0x0000000020000020                . = ALIGN (0x8)
 *fill*         0x000000002000001c        0x4 
                [!provide]                        PROVIDE (end = .)
                [!provide]                        PROVIDE (_end = .)
                0x0000000020000220                . = (. + _Min_Heap_Size)
 *fill*         0x0000000020000020      0x200 
                0x0000000020000620                . = (. + _Min_Stack_Size)
 *fill*         0x0000000020000220      0x400 
                0x0000000020000620                . = ALIGN (0x8)

/DISCARD/
 libc.a(*)
 libm.a(*)
 libgcc.a(*)

.ARM.attributes
                0x0000000000000000       0x29
 *(.ARM.attributes)
 .ARM.attributes
                0x0000000000000000       0x1d d:/software/stm32cubeide/stm32cubeide_1.5.0/stm32cubeide/plugins/com.st.stm32cube.ide.mcu.externaltools.gnu-tools-for-stm32.9-2020-q2-update.win32_1.5.0.202011040924/tools/bin/../lib/gcc/arm-none-eabi/9.3.1/thumb/v7-m/nofp/crti.o
 .ARM.attributes
                0x000000000000001d       0x2d d:/software/stm32cubeide/stm32cubeide_1.5.0/stm32cubeide/plugins/com.st.stm32cube.ide.mcu.externaltools.gnu-tools-for-stm32.9-2020-q2-update.win32_1.5.0.202011040924/tools/bin/../lib/gcc/arm-none-eabi/9.3.1/thumb/v7-m/nofp/crtbegin.o
 .ARM.attributes
                0x000000000000004a       0x1d d:/software/stm32cubeide/stm32cubeide_1.5.0/stm32cubeide/plugins/com.st.stm32cube.ide.mcu.externaltools.gnu-tools-for-stm32.9-2020-q2-update.win32_1.5.0.202011040924/tools/bin/../lib/gcc/arm-none-eabi/9.3.1/thumb/v7-m/nofp/crtn.o
OUTPUT(ZYSTM32-A1.elf elf32-littlearm)
LOAD linker stubs
LOAD d:/software/stm32cubeide/stm32cubeide_1.5.0/stm32cubeide/plugins/com.st.stm32cube.ide.mcu.externaltools.gnu-tools-for-stm32.9-2020-q2-update.win32_1.5.0.202011040924/tools/bin/../lib/gcc/arm-none-eabi/9.3.1/../../../../arm-none-eabi/lib/thumb/v7-m/nofp\libc.a
LOAD d:/software/stm32cubeide/stm32cubeide_1.5.0/stm32cubeide/plugins/com.st.stm32cube.ide.mcu.externaltools.gnu-tools-for-stm32.9-2020-q2-update.win32_1.5.0.202011040924/tools/bin/../lib/gcc/arm-none-eabi/9.3.1/../../../../arm-none-eabi/lib/thumb/v7-m/nofp\libm.a
LOAD d:/software/stm32cubeide/stm32cubeide_1.5.0/stm32cubeide/plugins/com.st.stm32cube.ide.mcu.externaltools.gnu-tools-for-stm32.9-2020-q2-update.win32_1.5.0.202011040924/tools/bin/../lib/gcc/arm-none-eabi/9.3.1/thumb/v7-m/nofp\libgcc.a
